Classic Timing Analyzer report for cpld_code
Thu Dec 28 11:33:47 2023
Quartus II Version 9.1 Build 350 03/24/2010 Service Pack 2 SJ Web Edition


---------------------
; Table of Contents ;
---------------------
  1. Legal Notice
  2. Timing Analyzer Summary
  3. Timing Analyzer Settings
  4. Clock Settings Summary
  5. Parallel Compilation
  6. Clock Setup: 'clk'
  7. tco
  8. Timing Analyzer Messages



----------------
; Legal Notice ;
----------------
Copyright (C) 1991-2010 Altera Corporation
Your use of Altera Corporation's design tools, logic functions 
and other software and tools, and its AMPP partner logic 
functions, and any output files from any of the foregoing 
(including device programming or simulation files), and any 
associated documentation or information are expressly subject 
to the terms and conditions of the Altera Program License 
Subscription Agreement, Altera MegaCore Function License 
Agreement, or other applicable license agreement, including, 
without limitation, that your use is for the sole purpose of 
programming logic devices manufactured by Altera and sold by 
Altera or its authorized distributors.  Please refer to the 
applicable agreement for further details.



+---------------------------------------------------------------------------------------------------------------------------------------------------------+
; Timing Analyzer Summary                                                                                                                                 ;
+------------------------------+-------+---------------+----------------------------------+-----------+------------+------------+----------+--------------+
; Type                         ; Slack ; Required Time ; Actual Time                      ; From      ; To         ; From Clock ; To Clock ; Failed Paths ;
+------------------------------+-------+---------------+----------------------------------+-----------+------------+------------+----------+--------------+
; Worst-case tco               ; N/A   ; None          ; 12.522 ns                        ; bcd[2]    ; seg_out[0] ; clk        ; --       ; 0            ;
; Clock Setup: 'clk'           ; N/A   ; None          ; 77.23 MHz ( period = 12.949 ns ) ; cnt_p[15] ; cnt_p[22]  ; clk        ; clk      ; 0            ;
; Total number of failed paths ;       ;               ;                                  ;           ;            ;            ;          ; 0            ;
+------------------------------+-------+---------------+----------------------------------+-----------+------------+------------+----------+--------------+


+-----------------------------------------------------------------------------------------------------------------------------------------------------+
; Timing Analyzer Settings                                                                                                                            ;
+------------------------------------------------------------------------------------------------------+--------------------+------+----+-------------+
; Option                                                                                               ; Setting            ; From ; To ; Entity Name ;
+------------------------------------------------------------------------------------------------------+--------------------+------+----+-------------+
; Device Name                                                                                          ; EPM1270T144C5      ;      ;    ;             ;
; Timing Models                                                                                        ; Final              ;      ;    ;             ;
; Default hold multicycle                                                                              ; Same as Multicycle ;      ;    ;             ;
; Cut paths between unrelated clock domains                                                            ; On                 ;      ;    ;             ;
; Cut off read during write signal paths                                                               ; On                 ;      ;    ;             ;
; Cut off feedback from I/O pins                                                                       ; On                 ;      ;    ;             ;
; Report Combined Fast/Slow Timing                                                                     ; Off                ;      ;    ;             ;
; Ignore Clock Settings                                                                                ; Off                ;      ;    ;             ;
; Analyze latches as synchronous elements                                                              ; On                 ;      ;    ;             ;
; Enable Recovery/Removal analysis                                                                     ; Off                ;      ;    ;             ;
; Enable Clock Latency                                                                                 ; Off                ;      ;    ;             ;
; Use TimeQuest Timing Analyzer                                                                        ; Off                ;      ;    ;             ;
; Minimum Core Junction Temperature                                                                    ; 0                  ;      ;    ;             ;
; Maximum Core Junction Temperature                                                                    ; 85                 ;      ;    ;             ;
; Number of source nodes to report per destination node                                                ; 10                 ;      ;    ;             ;
; Number of destination nodes to report                                                                ; 10                 ;      ;    ;             ;
; Number of paths to report                                                                            ; 200                ;      ;    ;             ;
; Report Minimum Timing Checks                                                                         ; Off                ;      ;    ;             ;
; Use Fast Timing Models                                                                               ; Off                ;      ;    ;             ;
; Report IO Paths Separately                                                                           ; Off                ;      ;    ;             ;
; Perform Multicorner Analysis                                                                         ; Off                ;      ;    ;             ;
; Reports the worst-case path for each clock domain and analysis                                       ; Off                ;      ;    ;             ;
; Reports worst-case timing paths for each clock domain and analysis                                   ; On                 ;      ;    ;             ;
; Specifies the maximum number of worst-case timing paths to report for each clock domain and analysis ; 100                ;      ;    ;             ;
; Removes common clock path pessimism (CCPP) during slack computation                                  ; Off                ;      ;    ;             ;
; Output I/O Timing Endpoint                                                                           ; Near End           ;      ;    ;             ;
+------------------------------------------------------------------------------------------------------+--------------------+------+----+-------------+


+------------------------------------------------------------------------------------------------------------------------------------------------------------------------------------+
; Clock Settings Summary                                                                                                                                                             ;
+-----------------+--------------------+----------+------------------+---------------+--------------+----------+-----------------------+---------------------+--------+--------------+
; Clock Node Name ; Clock Setting Name ; Type     ; Fmax Requirement ; Early Latency ; Late Latency ; Based on ; Multiply Base Fmax by ; Divide Base Fmax by ; Offset ; Phase offset ;
+-----------------+--------------------+----------+------------------+---------------+--------------+----------+-----------------------+---------------------+--------+--------------+
; clk             ;                    ; User Pin ; None             ; 0.000 ns      ; 0.000 ns     ; --       ; N/A                   ; N/A                 ; N/A    ;              ;
+-----------------+--------------------+----------+------------------+---------------+--------------+----------+-----------------------+---------------------+--------+--------------+


Parallel compilation was disabled, but you have multiple processors available. Enable parallel compilation to reduce compilation time.
+-------------------------------------+
; Parallel Compilation                ;
+----------------------------+--------+
; Processors                 ; Number ;
+----------------------------+--------+
; Number detected on machine ; 4      ;
; Maximum allowed            ; 1      ;
+----------------------------+--------+


+-----------------------------------------------------------------------------------------------------------------------------------------------------------------------------------------------------------------------------------+
; Clock Setup: 'clk'                                                                                                                                                                                                                ;
+-----------------------------------------+-----------------------------------------------------+-----------+-----------+------------+----------+-----------------------------+---------------------------+-------------------------+
; Slack                                   ; Actual fmax (period)                                ; From      ; To        ; From Clock ; To Clock ; Required Setup Relationship ; Required Longest P2P Time ; Actual Longest P2P Time ;
+-----------------------------------------+-----------------------------------------------------+-----------+-----------+------------+----------+-----------------------------+---------------------------+-------------------------+
; N/A                                     ; 77.23 MHz ( period = 12.949 ns )                    ; cnt_p[15] ; cnt_p[20] ; clk        ; clk      ; None                        ; None                      ; 12.240 ns               ;
; N/A                                     ; 77.23 MHz ( period = 12.949 ns )                    ; cnt_p[15] ; cnt_p[19] ; clk        ; clk      ; None                        ; None                      ; 12.240 ns               ;
; N/A                                     ; 77.23 MHz ( period = 12.949 ns )                    ; cnt_p[15] ; cnt_p[18] ; clk        ; clk      ; None                        ; None                      ; 12.240 ns               ;
; N/A                                     ; 77.23 MHz ( period = 12.949 ns )                    ; cnt_p[15] ; cnt_p[17] ; clk        ; clk      ; None                        ; None                      ; 12.240 ns               ;
; N/A                                     ; 77.23 MHz ( period = 12.949 ns )                    ; cnt_p[15] ; cnt_p[23] ; clk        ; clk      ; None                        ; None                      ; 12.240 ns               ;
; N/A                                     ; 77.23 MHz ( period = 12.949 ns )                    ; cnt_p[15] ; cnt_p[21] ; clk        ; clk      ; None                        ; None                      ; 12.240 ns               ;
; N/A                                     ; 77.23 MHz ( period = 12.949 ns )                    ; cnt_p[15] ; cnt_p[24] ; clk        ; clk      ; None                        ; None                      ; 12.240 ns               ;
; N/A                                     ; 77.23 MHz ( period = 12.949 ns )                    ; cnt_p[15] ; cnt_p[22] ; clk        ; clk      ; None                        ; None                      ; 12.240 ns               ;
; N/A                                     ; 77.74 MHz ( period = 12.864 ns )                    ; cnt_p[16] ; cnt_p[20] ; clk        ; clk      ; None                        ; None                      ; 12.155 ns               ;
; N/A                                     ; 77.74 MHz ( period = 12.864 ns )                    ; cnt_p[16] ; cnt_p[19] ; clk        ; clk      ; None                        ; None                      ; 12.155 ns               ;
; N/A                                     ; 77.74 MHz ( period = 12.864 ns )                    ; cnt_p[16] ; cnt_p[18] ; clk        ; clk      ; None                        ; None                      ; 12.155 ns               ;
; N/A                                     ; 77.74 MHz ( period = 12.864 ns )                    ; cnt_p[16] ; cnt_p[17] ; clk        ; clk      ; None                        ; None                      ; 12.155 ns               ;
; N/A                                     ; 77.74 MHz ( period = 12.864 ns )                    ; cnt_p[16] ; cnt_p[23] ; clk        ; clk      ; None                        ; None                      ; 12.155 ns               ;
; N/A                                     ; 77.74 MHz ( period = 12.864 ns )                    ; cnt_p[16] ; cnt_p[21] ; clk        ; clk      ; None                        ; None                      ; 12.155 ns               ;
; N/A                                     ; 77.74 MHz ( period = 12.864 ns )                    ; cnt_p[16] ; cnt_p[24] ; clk        ; clk      ; None                        ; None                      ; 12.155 ns               ;
; N/A                                     ; 77.74 MHz ( period = 12.864 ns )                    ; cnt_p[16] ; cnt_p[22] ; clk        ; clk      ; None                        ; None                      ; 12.155 ns               ;
; N/A                                     ; 80.47 MHz ( period = 12.427 ns )                    ; cnt_p[14] ; cnt_p[20] ; clk        ; clk      ; None                        ; None                      ; 11.718 ns               ;
; N/A                                     ; 80.47 MHz ( period = 12.427 ns )                    ; cnt_p[14] ; cnt_p[19] ; clk        ; clk      ; None                        ; None                      ; 11.718 ns               ;
; N/A                                     ; 80.47 MHz ( period = 12.427 ns )                    ; cnt_p[14] ; cnt_p[18] ; clk        ; clk      ; None                        ; None                      ; 11.718 ns               ;
; N/A                                     ; 80.47 MHz ( period = 12.427 ns )                    ; cnt_p[14] ; cnt_p[17] ; clk        ; clk      ; None                        ; None                      ; 11.718 ns               ;
; N/A                                     ; 80.47 MHz ( period = 12.427 ns )                    ; cnt_p[14] ; cnt_p[23] ; clk        ; clk      ; None                        ; None                      ; 11.718 ns               ;
; N/A                                     ; 80.47 MHz ( period = 12.427 ns )                    ; cnt_p[14] ; cnt_p[21] ; clk        ; clk      ; None                        ; None                      ; 11.718 ns               ;
; N/A                                     ; 80.47 MHz ( period = 12.427 ns )                    ; cnt_p[14] ; cnt_p[24] ; clk        ; clk      ; None                        ; None                      ; 11.718 ns               ;
; N/A                                     ; 80.47 MHz ( period = 12.427 ns )                    ; cnt_p[14] ; cnt_p[22] ; clk        ; clk      ; None                        ; None                      ; 11.718 ns               ;
; N/A                                     ; 80.74 MHz ( period = 12.386 ns )                    ; cnt_p[15] ; cnt_p[16] ; clk        ; clk      ; None                        ; None                      ; 11.677 ns               ;
; N/A                                     ; 80.74 MHz ( period = 12.386 ns )                    ; cnt_p[15] ; cnt_p[15] ; clk        ; clk      ; None                        ; None                      ; 11.677 ns               ;
; N/A                                     ; 80.74 MHz ( period = 12.386 ns )                    ; cnt_p[15] ; cnt_p[14] ; clk        ; clk      ; None                        ; None                      ; 11.677 ns               ;
; N/A                                     ; 80.74 MHz ( period = 12.386 ns )                    ; cnt_p[15] ; cnt_p[11] ; clk        ; clk      ; None                        ; None                      ; 11.677 ns               ;
; N/A                                     ; 80.74 MHz ( period = 12.386 ns )                    ; cnt_p[15] ; cnt_p[13] ; clk        ; clk      ; None                        ; None                      ; 11.677 ns               ;
; N/A                                     ; 80.74 MHz ( period = 12.386 ns )                    ; cnt_p[15] ; cnt_p[12] ; clk        ; clk      ; None                        ; None                      ; 11.677 ns               ;
; N/A                                     ; 80.74 MHz ( period = 12.386 ns )                    ; cnt_p[15] ; cnt_p[8]  ; clk        ; clk      ; None                        ; None                      ; 11.677 ns               ;
; N/A                                     ; 80.74 MHz ( period = 12.386 ns )                    ; cnt_p[15] ; cnt_p[10] ; clk        ; clk      ; None                        ; None                      ; 11.677 ns               ;
; N/A                                     ; 80.74 MHz ( period = 12.386 ns )                    ; cnt_p[15] ; cnt_p[9]  ; clk        ; clk      ; None                        ; None                      ; 11.677 ns               ;
; N/A                                     ; 80.74 MHz ( period = 12.386 ns )                    ; cnt_p[15] ; cnt_p[7]  ; clk        ; clk      ; None                        ; None                      ; 11.677 ns               ;
; N/A                                     ; 80.87 MHz ( period = 12.365 ns )                    ; cnt_p[15] ; cnt_p[6]  ; clk        ; clk      ; None                        ; None                      ; 11.656 ns               ;
; N/A                                     ; 80.87 MHz ( period = 12.365 ns )                    ; cnt_p[15] ; cnt_p[0]  ; clk        ; clk      ; None                        ; None                      ; 11.656 ns               ;
; N/A                                     ; 80.87 MHz ( period = 12.365 ns )                    ; cnt_p[15] ; cnt_p[1]  ; clk        ; clk      ; None                        ; None                      ; 11.656 ns               ;
; N/A                                     ; 80.87 MHz ( period = 12.365 ns )                    ; cnt_p[15] ; cnt_p[2]  ; clk        ; clk      ; None                        ; None                      ; 11.656 ns               ;
; N/A                                     ; 80.87 MHz ( period = 12.365 ns )                    ; cnt_p[15] ; cnt_p[3]  ; clk        ; clk      ; None                        ; None                      ; 11.656 ns               ;
; N/A                                     ; 80.87 MHz ( period = 12.365 ns )                    ; cnt_p[15] ; cnt_p[4]  ; clk        ; clk      ; None                        ; None                      ; 11.656 ns               ;
; N/A                                     ; 80.87 MHz ( period = 12.365 ns )                    ; cnt_p[15] ; cnt_p[5]  ; clk        ; clk      ; None                        ; None                      ; 11.656 ns               ;
; N/A                                     ; 81.29 MHz ( period = 12.301 ns )                    ; cnt_p[16] ; cnt_p[16] ; clk        ; clk      ; None                        ; None                      ; 11.592 ns               ;
; N/A                                     ; 81.29 MHz ( period = 12.301 ns )                    ; cnt_p[16] ; cnt_p[15] ; clk        ; clk      ; None                        ; None                      ; 11.592 ns               ;
; N/A                                     ; 81.29 MHz ( period = 12.301 ns )                    ; cnt_p[16] ; cnt_p[14] ; clk        ; clk      ; None                        ; None                      ; 11.592 ns               ;
; N/A                                     ; 81.29 MHz ( period = 12.301 ns )                    ; cnt_p[16] ; cnt_p[11] ; clk        ; clk      ; None                        ; None                      ; 11.592 ns               ;
; N/A                                     ; 81.29 MHz ( period = 12.301 ns )                    ; cnt_p[16] ; cnt_p[13] ; clk        ; clk      ; None                        ; None                      ; 11.592 ns               ;
; N/A                                     ; 81.29 MHz ( period = 12.301 ns )                    ; cnt_p[16] ; cnt_p[12] ; clk        ; clk      ; None                        ; None                      ; 11.592 ns               ;
; N/A                                     ; 81.29 MHz ( period = 12.301 ns )                    ; cnt_p[16] ; cnt_p[8]  ; clk        ; clk      ; None                        ; None                      ; 11.592 ns               ;
; N/A                                     ; 81.29 MHz ( period = 12.301 ns )                    ; cnt_p[16] ; cnt_p[10] ; clk        ; clk      ; None                        ; None                      ; 11.592 ns               ;
; N/A                                     ; 81.29 MHz ( period = 12.301 ns )                    ; cnt_p[16] ; cnt_p[9]  ; clk        ; clk      ; None                        ; None                      ; 11.592 ns               ;
; N/A                                     ; 81.29 MHz ( period = 12.301 ns )                    ; cnt_p[16] ; cnt_p[7]  ; clk        ; clk      ; None                        ; None                      ; 11.592 ns               ;
; N/A                                     ; 81.35 MHz ( period = 12.293 ns )                    ; cnt_p[11] ; cnt_p[20] ; clk        ; clk      ; None                        ; None                      ; 11.584 ns               ;
; N/A                                     ; 81.35 MHz ( period = 12.293 ns )                    ; cnt_p[11] ; cnt_p[19] ; clk        ; clk      ; None                        ; None                      ; 11.584 ns               ;
; N/A                                     ; 81.35 MHz ( period = 12.293 ns )                    ; cnt_p[11] ; cnt_p[18] ; clk        ; clk      ; None                        ; None                      ; 11.584 ns               ;
; N/A                                     ; 81.35 MHz ( period = 12.293 ns )                    ; cnt_p[11] ; cnt_p[17] ; clk        ; clk      ; None                        ; None                      ; 11.584 ns               ;
; N/A                                     ; 81.35 MHz ( period = 12.293 ns )                    ; cnt_p[11] ; cnt_p[23] ; clk        ; clk      ; None                        ; None                      ; 11.584 ns               ;
; N/A                                     ; 81.35 MHz ( period = 12.293 ns )                    ; cnt_p[11] ; cnt_p[21] ; clk        ; clk      ; None                        ; None                      ; 11.584 ns               ;
; N/A                                     ; 81.35 MHz ( period = 12.293 ns )                    ; cnt_p[11] ; cnt_p[24] ; clk        ; clk      ; None                        ; None                      ; 11.584 ns               ;
; N/A                                     ; 81.35 MHz ( period = 12.293 ns )                    ; cnt_p[11] ; cnt_p[22] ; clk        ; clk      ; None                        ; None                      ; 11.584 ns               ;
; N/A                                     ; 81.43 MHz ( period = 12.280 ns )                    ; cnt_p[16] ; cnt_p[6]  ; clk        ; clk      ; None                        ; None                      ; 11.571 ns               ;
; N/A                                     ; 81.43 MHz ( period = 12.280 ns )                    ; cnt_p[16] ; cnt_p[0]  ; clk        ; clk      ; None                        ; None                      ; 11.571 ns               ;
; N/A                                     ; 81.43 MHz ( period = 12.280 ns )                    ; cnt_p[16] ; cnt_p[1]  ; clk        ; clk      ; None                        ; None                      ; 11.571 ns               ;
; N/A                                     ; 81.43 MHz ( period = 12.280 ns )                    ; cnt_p[16] ; cnt_p[2]  ; clk        ; clk      ; None                        ; None                      ; 11.571 ns               ;
; N/A                                     ; 81.43 MHz ( period = 12.280 ns )                    ; cnt_p[16] ; cnt_p[3]  ; clk        ; clk      ; None                        ; None                      ; 11.571 ns               ;
; N/A                                     ; 81.43 MHz ( period = 12.280 ns )                    ; cnt_p[16] ; cnt_p[4]  ; clk        ; clk      ; None                        ; None                      ; 11.571 ns               ;
; N/A                                     ; 81.43 MHz ( period = 12.280 ns )                    ; cnt_p[16] ; cnt_p[5]  ; clk        ; clk      ; None                        ; None                      ; 11.571 ns               ;
; N/A                                     ; 82.75 MHz ( period = 12.084 ns )                    ; cnt_p[13] ; cnt_p[20] ; clk        ; clk      ; None                        ; None                      ; 11.375 ns               ;
; N/A                                     ; 82.75 MHz ( period = 12.084 ns )                    ; cnt_p[13] ; cnt_p[19] ; clk        ; clk      ; None                        ; None                      ; 11.375 ns               ;
; N/A                                     ; 82.75 MHz ( period = 12.084 ns )                    ; cnt_p[13] ; cnt_p[18] ; clk        ; clk      ; None                        ; None                      ; 11.375 ns               ;
; N/A                                     ; 82.75 MHz ( period = 12.084 ns )                    ; cnt_p[13] ; cnt_p[17] ; clk        ; clk      ; None                        ; None                      ; 11.375 ns               ;
; N/A                                     ; 82.75 MHz ( period = 12.084 ns )                    ; cnt_p[13] ; cnt_p[23] ; clk        ; clk      ; None                        ; None                      ; 11.375 ns               ;
; N/A                                     ; 82.75 MHz ( period = 12.084 ns )                    ; cnt_p[13] ; cnt_p[21] ; clk        ; clk      ; None                        ; None                      ; 11.375 ns               ;
; N/A                                     ; 82.75 MHz ( period = 12.084 ns )                    ; cnt_p[13] ; cnt_p[24] ; clk        ; clk      ; None                        ; None                      ; 11.375 ns               ;
; N/A                                     ; 82.75 MHz ( period = 12.084 ns )                    ; cnt_p[13] ; cnt_p[22] ; clk        ; clk      ; None                        ; None                      ; 11.375 ns               ;
; N/A                                     ; 83.15 MHz ( period = 12.026 ns )                    ; cnt_p[12] ; cnt_p[20] ; clk        ; clk      ; None                        ; None                      ; 11.317 ns               ;
; N/A                                     ; 83.15 MHz ( period = 12.026 ns )                    ; cnt_p[12] ; cnt_p[19] ; clk        ; clk      ; None                        ; None                      ; 11.317 ns               ;
; N/A                                     ; 83.15 MHz ( period = 12.026 ns )                    ; cnt_p[12] ; cnt_p[18] ; clk        ; clk      ; None                        ; None                      ; 11.317 ns               ;
; N/A                                     ; 83.15 MHz ( period = 12.026 ns )                    ; cnt_p[12] ; cnt_p[17] ; clk        ; clk      ; None                        ; None                      ; 11.317 ns               ;
; N/A                                     ; 83.15 MHz ( period = 12.026 ns )                    ; cnt_p[12] ; cnt_p[23] ; clk        ; clk      ; None                        ; None                      ; 11.317 ns               ;
; N/A                                     ; 83.15 MHz ( period = 12.026 ns )                    ; cnt_p[12] ; cnt_p[21] ; clk        ; clk      ; None                        ; None                      ; 11.317 ns               ;
; N/A                                     ; 83.15 MHz ( period = 12.026 ns )                    ; cnt_p[12] ; cnt_p[24] ; clk        ; clk      ; None                        ; None                      ; 11.317 ns               ;
; N/A                                     ; 83.15 MHz ( period = 12.026 ns )                    ; cnt_p[12] ; cnt_p[22] ; clk        ; clk      ; None                        ; None                      ; 11.317 ns               ;
; N/A                                     ; 84.29 MHz ( period = 11.864 ns )                    ; cnt_p[14] ; cnt_p[16] ; clk        ; clk      ; None                        ; None                      ; 11.155 ns               ;
; N/A                                     ; 84.29 MHz ( period = 11.864 ns )                    ; cnt_p[14] ; cnt_p[15] ; clk        ; clk      ; None                        ; None                      ; 11.155 ns               ;
; N/A                                     ; 84.29 MHz ( period = 11.864 ns )                    ; cnt_p[14] ; cnt_p[14] ; clk        ; clk      ; None                        ; None                      ; 11.155 ns               ;
; N/A                                     ; 84.29 MHz ( period = 11.864 ns )                    ; cnt_p[14] ; cnt_p[11] ; clk        ; clk      ; None                        ; None                      ; 11.155 ns               ;
; N/A                                     ; 84.29 MHz ( period = 11.864 ns )                    ; cnt_p[14] ; cnt_p[13] ; clk        ; clk      ; None                        ; None                      ; 11.155 ns               ;
; N/A                                     ; 84.29 MHz ( period = 11.864 ns )                    ; cnt_p[14] ; cnt_p[12] ; clk        ; clk      ; None                        ; None                      ; 11.155 ns               ;
; N/A                                     ; 84.29 MHz ( period = 11.864 ns )                    ; cnt_p[14] ; cnt_p[8]  ; clk        ; clk      ; None                        ; None                      ; 11.155 ns               ;
; N/A                                     ; 84.29 MHz ( period = 11.864 ns )                    ; cnt_p[14] ; cnt_p[10] ; clk        ; clk      ; None                        ; None                      ; 11.155 ns               ;
; N/A                                     ; 84.29 MHz ( period = 11.864 ns )                    ; cnt_p[14] ; cnt_p[9]  ; clk        ; clk      ; None                        ; None                      ; 11.155 ns               ;
; N/A                                     ; 84.29 MHz ( period = 11.864 ns )                    ; cnt_p[14] ; cnt_p[7]  ; clk        ; clk      ; None                        ; None                      ; 11.155 ns               ;
; N/A                                     ; 84.44 MHz ( period = 11.843 ns )                    ; cnt_p[14] ; cnt_p[6]  ; clk        ; clk      ; None                        ; None                      ; 11.134 ns               ;
; N/A                                     ; 84.44 MHz ( period = 11.843 ns )                    ; cnt_p[14] ; cnt_p[0]  ; clk        ; clk      ; None                        ; None                      ; 11.134 ns               ;
; N/A                                     ; 84.44 MHz ( period = 11.843 ns )                    ; cnt_p[14] ; cnt_p[1]  ; clk        ; clk      ; None                        ; None                      ; 11.134 ns               ;
; N/A                                     ; 84.44 MHz ( period = 11.843 ns )                    ; cnt_p[14] ; cnt_p[2]  ; clk        ; clk      ; None                        ; None                      ; 11.134 ns               ;
; N/A                                     ; 84.44 MHz ( period = 11.843 ns )                    ; cnt_p[14] ; cnt_p[3]  ; clk        ; clk      ; None                        ; None                      ; 11.134 ns               ;
; N/A                                     ; 84.44 MHz ( period = 11.843 ns )                    ; cnt_p[14] ; cnt_p[4]  ; clk        ; clk      ; None                        ; None                      ; 11.134 ns               ;
; N/A                                     ; 84.44 MHz ( period = 11.843 ns )                    ; cnt_p[14] ; cnt_p[5]  ; clk        ; clk      ; None                        ; None                      ; 11.134 ns               ;
; N/A                                     ; 85.10 MHz ( period = 11.751 ns )                    ; cnt_p[10] ; cnt_p[20] ; clk        ; clk      ; None                        ; None                      ; 11.042 ns               ;
; N/A                                     ; 85.10 MHz ( period = 11.751 ns )                    ; cnt_p[10] ; cnt_p[19] ; clk        ; clk      ; None                        ; None                      ; 11.042 ns               ;
; N/A                                     ; 85.10 MHz ( period = 11.751 ns )                    ; cnt_p[10] ; cnt_p[18] ; clk        ; clk      ; None                        ; None                      ; 11.042 ns               ;
; N/A                                     ; 85.10 MHz ( period = 11.751 ns )                    ; cnt_p[10] ; cnt_p[17] ; clk        ; clk      ; None                        ; None                      ; 11.042 ns               ;
; N/A                                     ; 85.10 MHz ( period = 11.751 ns )                    ; cnt_p[10] ; cnt_p[23] ; clk        ; clk      ; None                        ; None                      ; 11.042 ns               ;
; N/A                                     ; 85.10 MHz ( period = 11.751 ns )                    ; cnt_p[10] ; cnt_p[21] ; clk        ; clk      ; None                        ; None                      ; 11.042 ns               ;
; N/A                                     ; 85.10 MHz ( period = 11.751 ns )                    ; cnt_p[10] ; cnt_p[24] ; clk        ; clk      ; None                        ; None                      ; 11.042 ns               ;
; N/A                                     ; 85.10 MHz ( period = 11.751 ns )                    ; cnt_p[10] ; cnt_p[22] ; clk        ; clk      ; None                        ; None                      ; 11.042 ns               ;
; N/A                                     ; 85.25 MHz ( period = 11.730 ns )                    ; cnt_p[11] ; cnt_p[16] ; clk        ; clk      ; None                        ; None                      ; 11.021 ns               ;
; N/A                                     ; 85.25 MHz ( period = 11.730 ns )                    ; cnt_p[11] ; cnt_p[15] ; clk        ; clk      ; None                        ; None                      ; 11.021 ns               ;
; N/A                                     ; 85.25 MHz ( period = 11.730 ns )                    ; cnt_p[11] ; cnt_p[14] ; clk        ; clk      ; None                        ; None                      ; 11.021 ns               ;
; N/A                                     ; 85.25 MHz ( period = 11.730 ns )                    ; cnt_p[11] ; cnt_p[11] ; clk        ; clk      ; None                        ; None                      ; 11.021 ns               ;
; N/A                                     ; 85.25 MHz ( period = 11.730 ns )                    ; cnt_p[11] ; cnt_p[13] ; clk        ; clk      ; None                        ; None                      ; 11.021 ns               ;
; N/A                                     ; 85.25 MHz ( period = 11.730 ns )                    ; cnt_p[11] ; cnt_p[12] ; clk        ; clk      ; None                        ; None                      ; 11.021 ns               ;
; N/A                                     ; 85.25 MHz ( period = 11.730 ns )                    ; cnt_p[11] ; cnt_p[8]  ; clk        ; clk      ; None                        ; None                      ; 11.021 ns               ;
; N/A                                     ; 85.25 MHz ( period = 11.730 ns )                    ; cnt_p[11] ; cnt_p[10] ; clk        ; clk      ; None                        ; None                      ; 11.021 ns               ;
; N/A                                     ; 85.25 MHz ( period = 11.730 ns )                    ; cnt_p[11] ; cnt_p[9]  ; clk        ; clk      ; None                        ; None                      ; 11.021 ns               ;
; N/A                                     ; 85.25 MHz ( period = 11.730 ns )                    ; cnt_p[11] ; cnt_p[7]  ; clk        ; clk      ; None                        ; None                      ; 11.021 ns               ;
; N/A                                     ; 85.40 MHz ( period = 11.709 ns )                    ; cnt_p[11] ; cnt_p[6]  ; clk        ; clk      ; None                        ; None                      ; 11.000 ns               ;
; N/A                                     ; 85.40 MHz ( period = 11.709 ns )                    ; cnt_p[11] ; cnt_p[0]  ; clk        ; clk      ; None                        ; None                      ; 11.000 ns               ;
; N/A                                     ; 85.40 MHz ( period = 11.709 ns )                    ; cnt_p[11] ; cnt_p[1]  ; clk        ; clk      ; None                        ; None                      ; 11.000 ns               ;
; N/A                                     ; 85.40 MHz ( period = 11.709 ns )                    ; cnt_p[11] ; cnt_p[2]  ; clk        ; clk      ; None                        ; None                      ; 11.000 ns               ;
; N/A                                     ; 85.40 MHz ( period = 11.709 ns )                    ; cnt_p[11] ; cnt_p[3]  ; clk        ; clk      ; None                        ; None                      ; 11.000 ns               ;
; N/A                                     ; 85.40 MHz ( period = 11.709 ns )                    ; cnt_p[11] ; cnt_p[4]  ; clk        ; clk      ; None                        ; None                      ; 11.000 ns               ;
; N/A                                     ; 85.40 MHz ( period = 11.709 ns )                    ; cnt_p[11] ; cnt_p[5]  ; clk        ; clk      ; None                        ; None                      ; 11.000 ns               ;
; N/A                                     ; 86.48 MHz ( period = 11.563 ns )                    ; cnt_p[9]  ; cnt_p[20] ; clk        ; clk      ; None                        ; None                      ; 10.854 ns               ;
; N/A                                     ; 86.48 MHz ( period = 11.563 ns )                    ; cnt_p[9]  ; cnt_p[19] ; clk        ; clk      ; None                        ; None                      ; 10.854 ns               ;
; N/A                                     ; 86.48 MHz ( period = 11.563 ns )                    ; cnt_p[9]  ; cnt_p[18] ; clk        ; clk      ; None                        ; None                      ; 10.854 ns               ;
; N/A                                     ; 86.48 MHz ( period = 11.563 ns )                    ; cnt_p[9]  ; cnt_p[17] ; clk        ; clk      ; None                        ; None                      ; 10.854 ns               ;
; N/A                                     ; 86.48 MHz ( period = 11.563 ns )                    ; cnt_p[9]  ; cnt_p[23] ; clk        ; clk      ; None                        ; None                      ; 10.854 ns               ;
; N/A                                     ; 86.48 MHz ( period = 11.563 ns )                    ; cnt_p[9]  ; cnt_p[21] ; clk        ; clk      ; None                        ; None                      ; 10.854 ns               ;
; N/A                                     ; 86.48 MHz ( period = 11.563 ns )                    ; cnt_p[9]  ; cnt_p[24] ; clk        ; clk      ; None                        ; None                      ; 10.854 ns               ;
; N/A                                     ; 86.48 MHz ( period = 11.563 ns )                    ; cnt_p[9]  ; cnt_p[22] ; clk        ; clk      ; None                        ; None                      ; 10.854 ns               ;
; N/A                                     ; 86.80 MHz ( period = 11.521 ns )                    ; cnt_p[13] ; cnt_p[16] ; clk        ; clk      ; None                        ; None                      ; 10.812 ns               ;
; N/A                                     ; 86.80 MHz ( period = 11.521 ns )                    ; cnt_p[13] ; cnt_p[15] ; clk        ; clk      ; None                        ; None                      ; 10.812 ns               ;
; N/A                                     ; 86.80 MHz ( period = 11.521 ns )                    ; cnt_p[13] ; cnt_p[14] ; clk        ; clk      ; None                        ; None                      ; 10.812 ns               ;
; N/A                                     ; 86.80 MHz ( period = 11.521 ns )                    ; cnt_p[13] ; cnt_p[11] ; clk        ; clk      ; None                        ; None                      ; 10.812 ns               ;
; N/A                                     ; 86.80 MHz ( period = 11.521 ns )                    ; cnt_p[13] ; cnt_p[13] ; clk        ; clk      ; None                        ; None                      ; 10.812 ns               ;
; N/A                                     ; 86.80 MHz ( period = 11.521 ns )                    ; cnt_p[13] ; cnt_p[12] ; clk        ; clk      ; None                        ; None                      ; 10.812 ns               ;
; N/A                                     ; 86.80 MHz ( period = 11.521 ns )                    ; cnt_p[13] ; cnt_p[8]  ; clk        ; clk      ; None                        ; None                      ; 10.812 ns               ;
; N/A                                     ; 86.80 MHz ( period = 11.521 ns )                    ; cnt_p[13] ; cnt_p[10] ; clk        ; clk      ; None                        ; None                      ; 10.812 ns               ;
; N/A                                     ; 86.80 MHz ( period = 11.521 ns )                    ; cnt_p[13] ; cnt_p[9]  ; clk        ; clk      ; None                        ; None                      ; 10.812 ns               ;
; N/A                                     ; 86.80 MHz ( period = 11.521 ns )                    ; cnt_p[13] ; cnt_p[7]  ; clk        ; clk      ; None                        ; None                      ; 10.812 ns               ;
; N/A                                     ; 86.96 MHz ( period = 11.500 ns )                    ; cnt_p[13] ; cnt_p[6]  ; clk        ; clk      ; None                        ; None                      ; 10.791 ns               ;
; N/A                                     ; 86.96 MHz ( period = 11.500 ns )                    ; cnt_p[13] ; cnt_p[0]  ; clk        ; clk      ; None                        ; None                      ; 10.791 ns               ;
; N/A                                     ; 86.96 MHz ( period = 11.500 ns )                    ; cnt_p[13] ; cnt_p[1]  ; clk        ; clk      ; None                        ; None                      ; 10.791 ns               ;
; N/A                                     ; 86.96 MHz ( period = 11.500 ns )                    ; cnt_p[13] ; cnt_p[2]  ; clk        ; clk      ; None                        ; None                      ; 10.791 ns               ;
; N/A                                     ; 86.96 MHz ( period = 11.500 ns )                    ; cnt_p[13] ; cnt_p[3]  ; clk        ; clk      ; None                        ; None                      ; 10.791 ns               ;
; N/A                                     ; 86.96 MHz ( period = 11.500 ns )                    ; cnt_p[13] ; cnt_p[4]  ; clk        ; clk      ; None                        ; None                      ; 10.791 ns               ;
; N/A                                     ; 86.96 MHz ( period = 11.500 ns )                    ; cnt_p[13] ; cnt_p[5]  ; clk        ; clk      ; None                        ; None                      ; 10.791 ns               ;
; N/A                                     ; 87.24 MHz ( period = 11.463 ns )                    ; cnt_p[12] ; cnt_p[16] ; clk        ; clk      ; None                        ; None                      ; 10.754 ns               ;
; N/A                                     ; 87.24 MHz ( period = 11.463 ns )                    ; cnt_p[12] ; cnt_p[15] ; clk        ; clk      ; None                        ; None                      ; 10.754 ns               ;
; N/A                                     ; 87.24 MHz ( period = 11.463 ns )                    ; cnt_p[12] ; cnt_p[14] ; clk        ; clk      ; None                        ; None                      ; 10.754 ns               ;
; N/A                                     ; 87.24 MHz ( period = 11.463 ns )                    ; cnt_p[12] ; cnt_p[11] ; clk        ; clk      ; None                        ; None                      ; 10.754 ns               ;
; N/A                                     ; 87.24 MHz ( period = 11.463 ns )                    ; cnt_p[12] ; cnt_p[13] ; clk        ; clk      ; None                        ; None                      ; 10.754 ns               ;
; N/A                                     ; 87.24 MHz ( period = 11.463 ns )                    ; cnt_p[12] ; cnt_p[12] ; clk        ; clk      ; None                        ; None                      ; 10.754 ns               ;
; N/A                                     ; 87.24 MHz ( period = 11.463 ns )                    ; cnt_p[12] ; cnt_p[8]  ; clk        ; clk      ; None                        ; None                      ; 10.754 ns               ;
; N/A                                     ; 87.24 MHz ( period = 11.463 ns )                    ; cnt_p[12] ; cnt_p[10] ; clk        ; clk      ; None                        ; None                      ; 10.754 ns               ;
; N/A                                     ; 87.24 MHz ( period = 11.463 ns )                    ; cnt_p[12] ; cnt_p[9]  ; clk        ; clk      ; None                        ; None                      ; 10.754 ns               ;
; N/A                                     ; 87.24 MHz ( period = 11.463 ns )                    ; cnt_p[12] ; cnt_p[7]  ; clk        ; clk      ; None                        ; None                      ; 10.754 ns               ;
; N/A                                     ; 87.40 MHz ( period = 11.442 ns )                    ; cnt_p[12] ; cnt_p[6]  ; clk        ; clk      ; None                        ; None                      ; 10.733 ns               ;
; N/A                                     ; 87.40 MHz ( period = 11.442 ns )                    ; cnt_p[12] ; cnt_p[0]  ; clk        ; clk      ; None                        ; None                      ; 10.733 ns               ;
; N/A                                     ; 87.40 MHz ( period = 11.442 ns )                    ; cnt_p[12] ; cnt_p[1]  ; clk        ; clk      ; None                        ; None                      ; 10.733 ns               ;
; N/A                                     ; 87.40 MHz ( period = 11.442 ns )                    ; cnt_p[12] ; cnt_p[2]  ; clk        ; clk      ; None                        ; None                      ; 10.733 ns               ;
; N/A                                     ; 87.40 MHz ( period = 11.442 ns )                    ; cnt_p[12] ; cnt_p[3]  ; clk        ; clk      ; None                        ; None                      ; 10.733 ns               ;
; N/A                                     ; 87.40 MHz ( period = 11.442 ns )                    ; cnt_p[12] ; cnt_p[4]  ; clk        ; clk      ; None                        ; None                      ; 10.733 ns               ;
; N/A                                     ; 87.40 MHz ( period = 11.442 ns )                    ; cnt_p[12] ; cnt_p[5]  ; clk        ; clk      ; None                        ; None                      ; 10.733 ns               ;
; N/A                                     ; 89.38 MHz ( period = 11.188 ns )                    ; cnt_p[10] ; cnt_p[16] ; clk        ; clk      ; None                        ; None                      ; 10.479 ns               ;
; N/A                                     ; 89.38 MHz ( period = 11.188 ns )                    ; cnt_p[10] ; cnt_p[15] ; clk        ; clk      ; None                        ; None                      ; 10.479 ns               ;
; N/A                                     ; 89.38 MHz ( period = 11.188 ns )                    ; cnt_p[10] ; cnt_p[14] ; clk        ; clk      ; None                        ; None                      ; 10.479 ns               ;
; N/A                                     ; 89.38 MHz ( period = 11.188 ns )                    ; cnt_p[10] ; cnt_p[11] ; clk        ; clk      ; None                        ; None                      ; 10.479 ns               ;
; N/A                                     ; 89.38 MHz ( period = 11.188 ns )                    ; cnt_p[10] ; cnt_p[13] ; clk        ; clk      ; None                        ; None                      ; 10.479 ns               ;
; N/A                                     ; 89.38 MHz ( period = 11.188 ns )                    ; cnt_p[10] ; cnt_p[12] ; clk        ; clk      ; None                        ; None                      ; 10.479 ns               ;
; N/A                                     ; 89.38 MHz ( period = 11.188 ns )                    ; cnt_p[10] ; cnt_p[8]  ; clk        ; clk      ; None                        ; None                      ; 10.479 ns               ;
; N/A                                     ; 89.38 MHz ( period = 11.188 ns )                    ; cnt_p[10] ; cnt_p[10] ; clk        ; clk      ; None                        ; None                      ; 10.479 ns               ;
; N/A                                     ; 89.38 MHz ( period = 11.188 ns )                    ; cnt_p[10] ; cnt_p[9]  ; clk        ; clk      ; None                        ; None                      ; 10.479 ns               ;
; N/A                                     ; 89.38 MHz ( period = 11.188 ns )                    ; cnt_p[10] ; cnt_p[7]  ; clk        ; clk      ; None                        ; None                      ; 10.479 ns               ;
; N/A                                     ; 89.55 MHz ( period = 11.167 ns )                    ; cnt_p[10] ; cnt_p[6]  ; clk        ; clk      ; None                        ; None                      ; 10.458 ns               ;
; N/A                                     ; 89.55 MHz ( period = 11.167 ns )                    ; cnt_p[10] ; cnt_p[0]  ; clk        ; clk      ; None                        ; None                      ; 10.458 ns               ;
; N/A                                     ; 89.55 MHz ( period = 11.167 ns )                    ; cnt_p[10] ; cnt_p[1]  ; clk        ; clk      ; None                        ; None                      ; 10.458 ns               ;
; N/A                                     ; 89.55 MHz ( period = 11.167 ns )                    ; cnt_p[10] ; cnt_p[2]  ; clk        ; clk      ; None                        ; None                      ; 10.458 ns               ;
; N/A                                     ; 89.55 MHz ( period = 11.167 ns )                    ; cnt_p[10] ; cnt_p[3]  ; clk        ; clk      ; None                        ; None                      ; 10.458 ns               ;
; N/A                                     ; 89.55 MHz ( period = 11.167 ns )                    ; cnt_p[10] ; cnt_p[4]  ; clk        ; clk      ; None                        ; None                      ; 10.458 ns               ;
; N/A                                     ; 89.55 MHz ( period = 11.167 ns )                    ; cnt_p[10] ; cnt_p[5]  ; clk        ; clk      ; None                        ; None                      ; 10.458 ns               ;
; N/A                                     ; 90.91 MHz ( period = 11.000 ns )                    ; cnt_p[9]  ; cnt_p[16] ; clk        ; clk      ; None                        ; None                      ; 10.291 ns               ;
; N/A                                     ; 90.91 MHz ( period = 11.000 ns )                    ; cnt_p[9]  ; cnt_p[15] ; clk        ; clk      ; None                        ; None                      ; 10.291 ns               ;
; N/A                                     ; 90.91 MHz ( period = 11.000 ns )                    ; cnt_p[9]  ; cnt_p[14] ; clk        ; clk      ; None                        ; None                      ; 10.291 ns               ;
; N/A                                     ; 90.91 MHz ( period = 11.000 ns )                    ; cnt_p[9]  ; cnt_p[11] ; clk        ; clk      ; None                        ; None                      ; 10.291 ns               ;
; N/A                                     ; 90.91 MHz ( period = 11.000 ns )                    ; cnt_p[9]  ; cnt_p[13] ; clk        ; clk      ; None                        ; None                      ; 10.291 ns               ;
; N/A                                     ; 90.91 MHz ( period = 11.000 ns )                    ; cnt_p[9]  ; cnt_p[12] ; clk        ; clk      ; None                        ; None                      ; 10.291 ns               ;
; N/A                                     ; 90.91 MHz ( period = 11.000 ns )                    ; cnt_p[9]  ; cnt_p[8]  ; clk        ; clk      ; None                        ; None                      ; 10.291 ns               ;
; N/A                                     ; 90.91 MHz ( period = 11.000 ns )                    ; cnt_p[9]  ; cnt_p[10] ; clk        ; clk      ; None                        ; None                      ; 10.291 ns               ;
; N/A                                     ; 90.91 MHz ( period = 11.000 ns )                    ; cnt_p[9]  ; cnt_p[9]  ; clk        ; clk      ; None                        ; None                      ; 10.291 ns               ;
; N/A                                     ; 90.91 MHz ( period = 11.000 ns )                    ; cnt_p[9]  ; cnt_p[7]  ; clk        ; clk      ; None                        ; None                      ; 10.291 ns               ;
; N/A                                     ; 91.08 MHz ( period = 10.979 ns )                    ; cnt_p[9]  ; cnt_p[6]  ; clk        ; clk      ; None                        ; None                      ; 10.270 ns               ;
; N/A                                     ; 91.08 MHz ( period = 10.979 ns )                    ; cnt_p[9]  ; cnt_p[0]  ; clk        ; clk      ; None                        ; None                      ; 10.270 ns               ;
; N/A                                     ; 91.08 MHz ( period = 10.979 ns )                    ; cnt_p[9]  ; cnt_p[1]  ; clk        ; clk      ; None                        ; None                      ; 10.270 ns               ;
; N/A                                     ; 91.08 MHz ( period = 10.979 ns )                    ; cnt_p[9]  ; cnt_p[2]  ; clk        ; clk      ; None                        ; None                      ; 10.270 ns               ;
; N/A                                     ; 91.08 MHz ( period = 10.979 ns )                    ; cnt_p[9]  ; cnt_p[3]  ; clk        ; clk      ; None                        ; None                      ; 10.270 ns               ;
; N/A                                     ; 91.08 MHz ( period = 10.979 ns )                    ; cnt_p[9]  ; cnt_p[4]  ; clk        ; clk      ; None                        ; None                      ; 10.270 ns               ;
; N/A                                     ; 91.08 MHz ( period = 10.979 ns )                    ; cnt_p[9]  ; cnt_p[5]  ; clk        ; clk      ; None                        ; None                      ; 10.270 ns               ;
; Timing analysis restricted to 200 rows. ; To change the limit use Settings (Assignments menu) ;           ;           ;            ;          ;                             ;                           ;                         ;
+-----------------------------------------+-----------------------------------------------------+-----------+-----------+------------+----------+-----------------------------+---------------------------+-------------------------+


+----------------------------------------------------------------------+
; tco                                                                  ;
+-------+--------------+------------+--------+------------+------------+
; Slack ; Required tco ; Actual tco ; From   ; To         ; From Clock ;
+-------+--------------+------------+--------+------------+------------+
; N/A   ; None         ; 12.522 ns  ; bcd[2] ; seg_out[0] ; clk        ;
; N/A   ; None         ; 12.521 ns  ; bcd[0] ; seg_out[6] ; clk        ;
; N/A   ; None         ; 12.374 ns  ; bcd[2] ; seg_out[2] ; clk        ;
; N/A   ; None         ; 12.316 ns  ; bcd[3] ; seg_out[6] ; clk        ;
; N/A   ; None         ; 12.277 ns  ; bcd[3] ; seg_out[0] ; clk        ;
; N/A   ; None         ; 12.269 ns  ; bcd[1] ; seg_out[1] ; clk        ;
; N/A   ; None         ; 12.234 ns  ; bcd[2] ; seg_out[3] ; clk        ;
; N/A   ; None         ; 12.217 ns  ; bcd[2] ; seg_out[4] ; clk        ;
; N/A   ; None         ; 12.146 ns  ; bcd[1] ; seg_out[5] ; clk        ;
; N/A   ; None         ; 12.143 ns  ; bcd[1] ; seg_out[6] ; clk        ;
; N/A   ; None         ; 12.138 ns  ; bcd[3] ; seg_out[2] ; clk        ;
; N/A   ; None         ; 12.108 ns  ; bcd[0] ; seg_out[0] ; clk        ;
; N/A   ; None         ; 12.040 ns  ; bcd[3] ; seg_out[1] ; clk        ;
; N/A   ; None         ; 11.989 ns  ; bcd[3] ; seg_out[3] ; clk        ;
; N/A   ; None         ; 11.981 ns  ; bcd[3] ; seg_out[4] ; clk        ;
; N/A   ; None         ; 11.955 ns  ; bcd[0] ; seg_out[2] ; clk        ;
; N/A   ; None         ; 11.920 ns  ; bcd[2] ; seg_out[6] ; clk        ;
; N/A   ; None         ; 11.913 ns  ; bcd[3] ; seg_out[5] ; clk        ;
; N/A   ; None         ; 11.871 ns  ; bcd[0] ; seg_out[1] ; clk        ;
; N/A   ; None         ; 11.821 ns  ; bcd[0] ; seg_out[3] ; clk        ;
; N/A   ; None         ; 11.806 ns  ; bcd[1] ; seg_out[0] ; clk        ;
; N/A   ; None         ; 11.802 ns  ; bcd[0] ; seg_out[4] ; clk        ;
; N/A   ; None         ; 11.743 ns  ; bcd[0] ; seg_out[5] ; clk        ;
; N/A   ; None         ; 11.680 ns  ; bcd[1] ; seg_out[2] ; clk        ;
; N/A   ; None         ; 11.586 ns  ; bcd[2] ; seg_out[1] ; clk        ;
; N/A   ; None         ; 11.523 ns  ; bcd[1] ; seg_out[4] ; clk        ;
; N/A   ; None         ; 11.518 ns  ; bcd[1] ; seg_out[3] ; clk        ;
; N/A   ; None         ; 11.453 ns  ; bcd[2] ; seg_out[5] ; clk        ;
+-------+--------------+------------+--------+------------+------------+


+--------------------------+
; Timing Analyzer Messages ;
+--------------------------+
Info: *******************************************************************
Info: Running Quartus II Classic Timing Analyzer
    Info: Version 9.1 Build 350 03/24/2010 Service Pack 2 SJ Web Edition
    Info: Processing started: Thu Dec 28 11:33:47 2023
Info: Command: quartus_tan --read_settings_files=off --write_settings_files=off cpld_code -c cpld_code
Info: Started post-fitting delay annotation
Info: Delay annotation completed successfully
Warning: Found pins functioning as undefined clocks and/or memory enables
    Info: Assuming node "clk" is an undefined clock
Info: Clock "clk" has Internal fmax of 77.23 MHz between source register "cnt_p[15]" and destination register "cnt_p[20]" (period= 12.949 ns)
    Info: + Longest register to register delay is 12.240 ns
        Info: 1: + IC(0.000 ns) + CELL(0.000 ns) = 0.000 ns; Loc. = LC_X14_Y8_N8; Fanout = 5; REG Node = 'cnt_p[15]'
        Info: 2: + IC(2.701 ns) + CELL(0.511 ns) = 3.212 ns; Loc. = LC_X14_Y9_N0; Fanout = 1; COMB Node = 'LessThan0~3'
        Info: 3: + IC(1.809 ns) + CELL(0.200 ns) = 5.221 ns; Loc. = LC_X15_Y8_N9; Fanout = 1; COMB Node = 'LessThan0~4'
        Info: 4: + IC(0.728 ns) + CELL(0.200 ns) = 6.149 ns; Loc. = LC_X15_Y8_N8; Fanout = 2; COMB Node = 'LessThan0~5'
        Info: 5: + IC(1.729 ns) + CELL(0.200 ns) = 8.078 ns; Loc. = LC_X14_Y9_N6; Fanout = 25; COMB Node = 'LessThan0~11'
        Info: 6: + IC(2.402 ns) + CELL(1.760 ns) = 12.240 ns; Loc. = LC_X15_Y8_N3; Fanout = 5; REG Node = 'cnt_p[20]'
        Info: Total cell delay = 2.871 ns ( 23.46 % )
        Info: Total interconnect delay = 9.369 ns ( 76.54 % )
    Info: - Smallest clock skew is 0.000 ns
        Info: + Shortest clock path from clock "clk" to destination register is 3.819 ns
            Info: 1: + IC(0.000 ns) + CELL(1.163 ns) = 1.163 ns; Loc. = PIN_20; Fanout = 30; CLK Node = 'clk'
            Info: 2: + IC(1.738 ns) + CELL(0.918 ns) = 3.819 ns; Loc. = LC_X15_Y8_N3; Fanout = 5; REG Node = 'cnt_p[20]'
            Info: Total cell delay = 2.081 ns ( 54.49 % )
            Info: Total interconnect delay = 1.738 ns ( 45.51 % )
        Info: - Longest clock path from clock "clk" to source register is 3.819 ns
            Info: 1: + IC(0.000 ns) + CELL(1.163 ns) = 1.163 ns; Loc. = PIN_20; Fanout = 30; CLK Node = 'clk'
            Info: 2: + IC(1.738 ns) + CELL(0.918 ns) = 3.819 ns; Loc. = LC_X14_Y8_N8; Fanout = 5; REG Node = 'cnt_p[15]'
            Info: Total cell delay = 2.081 ns ( 54.49 % )
            Info: Total interconnect delay = 1.738 ns ( 45.51 % )
    Info: + Micro clock to output delay of source is 0.376 ns
    Info: + Micro setup delay of destination is 0.333 ns
Info: tco from clock "clk" to destination pin "seg_out[0]" through register "bcd[2]" is 12.522 ns
    Info: + Longest clock path from clock "clk" to source register is 3.819 ns
        Info: 1: + IC(0.000 ns) + CELL(1.163 ns) = 1.163 ns; Loc. = PIN_20; Fanout = 30; CLK Node = 'clk'
        Info: 2: + IC(1.738 ns) + CELL(0.918 ns) = 3.819 ns; Loc. = LC_X12_Y8_N8; Fanout = 10; REG Node = 'bcd[2]'
        Info: Total cell delay = 2.081 ns ( 54.49 % )
        Info: Total interconnect delay = 1.738 ns ( 45.51 % )
    Info: + Micro clock to output delay of source is 0.376 ns
    Info: + Longest register to pin delay is 8.327 ns
        Info: 1: + IC(0.000 ns) + CELL(0.000 ns) = 0.000 ns; Loc. = LC_X12_Y8_N8; Fanout = 10; REG Node = 'bcd[2]'
        Info: 2: + IC(1.058 ns) + CELL(0.914 ns) = 1.972 ns; Loc. = LC_X12_Y8_N0; Fanout = 1; COMB Node = 'seg_out~0'
        Info: 3: + IC(4.033 ns) + CELL(2.322 ns) = 8.327 ns; Loc. = PIN_32; Fanout = 0; PIN Node = 'seg_out[0]'
        Info: Total cell delay = 3.236 ns ( 38.86 % )
        Info: Total interconnect delay = 5.091 ns ( 61.14 % )
Info: Quartus II Classic Timing Analyzer was successful. 0 errors, 1 warning
    Info: Peak virtual memory: 184 megabytes
    Info: Processing ended: Thu Dec 28 11:33:47 2023
    Info: Elapsed time: 00:00:00
    Info: Total CPU time (on all processors): 00:00:00


