Classic Timing Analyzer report for cpld_code
Thu Jan 04 11:02:36 2024
Quartus II Version 9.1 Build 350 03/24/2010 Service Pack 2 SJ Web Edition


---------------------
; Table of Contents ;
---------------------
  1. Legal Notice
  2. Timing Analyzer Summary
  3. Timing Analyzer Settings
  4. Clock Settings Summary
  5. Parallel Compilation
  6. Clock Setup: 'clk'
  7. tsu
  8. tco
  9. th
 10. Timing Analyzer Messages



----------------
; Legal Notice ;
----------------
Copyright (C) 1991-2010 Altera Corporation
Your use of Altera Corporation's design tools, logic functions 
and other software and tools, and its AMPP partner logic 
functions, and any output files from any of the foregoing 
(including device programming or simulation files), and any 
associated documentation or information are expressly subject 
to the terms and conditions of the Altera Program License 
Subscription Agreement, Altera MegaCore Function License 
Agreement, or other applicable license agreement, including, 
without limitation, that your use is for the sole purpose of 
programming logic devices manufactured by Altera and sold by 
Altera or its authorized distributors.  Please refer to the 
applicable agreement for further details.



+------------------------------------------------------------------------------------------------------------------------------------------------------+
; Timing Analyzer Summary                                                                                                                              ;
+------------------------------+-------+---------------+----------------------------------+----------+----------+------------+----------+--------------+
; Type                         ; Slack ; Required Time ; Actual Time                      ; From     ; To       ; From Clock ; To Clock ; Failed Paths ;
+------------------------------+-------+---------------+----------------------------------+----------+----------+------------+----------+--------------+
; Worst-case tsu               ; N/A   ; None          ; 2.128 ns                         ; sw_in    ; q1       ; --         ; clk      ; 0            ;
; Worst-case tco               ; N/A   ; None          ; 9.141 ns                         ; led~reg0 ; led      ; clk        ; --       ; 0            ;
; Worst-case th                ; N/A   ; None          ; -1.574 ns                        ; sw_in    ; q1       ; --         ; clk      ; 0            ;
; Clock Setup: 'clk'           ; N/A   ; None          ; 100.72 MHz ( period = 9.929 ns ) ; cnt_p[6] ; cnt_p[8] ; clk        ; clk      ; 0            ;
; Total number of failed paths ;       ;               ;                                  ;          ;          ;            ;          ; 0            ;
+------------------------------+-------+---------------+----------------------------------+----------+----------+------------+----------+--------------+


+-----------------------------------------------------------------------------------------------------------------------------------------------------+
; Timing Analyzer Settings                                                                                                                            ;
+------------------------------------------------------------------------------------------------------+--------------------+------+----+-------------+
; Option                                                                                               ; Setting            ; From ; To ; Entity Name ;
+------------------------------------------------------------------------------------------------------+--------------------+------+----+-------------+
; Device Name                                                                                          ; EPM1270T144C5      ;      ;    ;             ;
; Timing Models                                                                                        ; Final              ;      ;    ;             ;
; Default hold multicycle                                                                              ; Same as Multicycle ;      ;    ;             ;
; Cut paths between unrelated clock domains                                                            ; On                 ;      ;    ;             ;
; Cut off read during write signal paths                                                               ; On                 ;      ;    ;             ;
; Cut off feedback from I/O pins                                                                       ; On                 ;      ;    ;             ;
; Report Combined Fast/Slow Timing                                                                     ; Off                ;      ;    ;             ;
; Ignore Clock Settings                                                                                ; Off                ;      ;    ;             ;
; Analyze latches as synchronous elements                                                              ; On                 ;      ;    ;             ;
; Enable Recovery/Removal analysis                                                                     ; Off                ;      ;    ;             ;
; Enable Clock Latency                                                                                 ; Off                ;      ;    ;             ;
; Use TimeQuest Timing Analyzer                                                                        ; Off                ;      ;    ;             ;
; Minimum Core Junction Temperature                                                                    ; 0                  ;      ;    ;             ;
; Maximum Core Junction Temperature                                                                    ; 85                 ;      ;    ;             ;
; Number of source nodes to report per destination node                                                ; 10                 ;      ;    ;             ;
; Number of destination nodes to report                                                                ; 10                 ;      ;    ;             ;
; Number of paths to report                                                                            ; 200                ;      ;    ;             ;
; Report Minimum Timing Checks                                                                         ; Off                ;      ;    ;             ;
; Use Fast Timing Models                                                                               ; Off                ;      ;    ;             ;
; Report IO Paths Separately                                                                           ; Off                ;      ;    ;             ;
; Perform Multicorner Analysis                                                                         ; Off                ;      ;    ;             ;
; Reports the worst-case path for each clock domain and analysis                                       ; Off                ;      ;    ;             ;
; Reports worst-case timing paths for each clock domain and analysis                                   ; On                 ;      ;    ;             ;
; Specifies the maximum number of worst-case timing paths to report for each clock domain and analysis ; 100                ;      ;    ;             ;
; Removes common clock path pessimism (CCPP) during slack computation                                  ; Off                ;      ;    ;             ;
; Output I/O Timing Endpoint                                                                           ; Near End           ;      ;    ;             ;
+------------------------------------------------------------------------------------------------------+--------------------+------+----+-------------+


+------------------------------------------------------------------------------------------------------------------------------------------------------------------------------------+
; Clock Settings Summary                                                                                                                                                             ;
+-----------------+--------------------+----------+------------------+---------------+--------------+----------+-----------------------+---------------------+--------+--------------+
; Clock Node Name ; Clock Setting Name ; Type     ; Fmax Requirement ; Early Latency ; Late Latency ; Based on ; Multiply Base Fmax by ; Divide Base Fmax by ; Offset ; Phase offset ;
+-----------------+--------------------+----------+------------------+---------------+--------------+----------+-----------------------+---------------------+--------+--------------+
; clk             ;                    ; User Pin ; None             ; 0.000 ns      ; 0.000 ns     ; --       ; N/A                   ; N/A                 ; N/A    ;              ;
+-----------------+--------------------+----------+------------------+---------------+--------------+----------+-----------------------+---------------------+--------+--------------+


Parallel compilation was disabled, but you have multiple processors available. Enable parallel compilation to reduce compilation time.
+-------------------------------------+
; Parallel Compilation                ;
+----------------------------+--------+
; Processors                 ; Number ;
+----------------------------+--------+
; Number detected on machine ; 4      ;
; Maximum allowed            ; 1      ;
+----------------------------+--------+


+-----------------------------------------------------------------------------------------------------------------------------------------------------------------------------------------------------------------------------------+
; Clock Setup: 'clk'                                                                                                                                                                                                                ;
+-----------------------------------------+-----------------------------------------------------+-----------+-----------+------------+----------+-----------------------------+---------------------------+-------------------------+
; Slack                                   ; Actual fmax (period)                                ; From      ; To        ; From Clock ; To Clock ; Required Setup Relationship ; Required Longest P2P Time ; Actual Longest P2P Time ;
+-----------------------------------------+-----------------------------------------------------+-----------+-----------+------------+----------+-----------------------------+---------------------------+-------------------------+
; N/A                                     ; 100.72 MHz ( period = 9.929 ns )                    ; cnt_p[6]  ; cnt_p[15] ; clk        ; clk      ; None                        ; None                      ; 9.220 ns                ;
; N/A                                     ; 100.72 MHz ( period = 9.929 ns )                    ; cnt_p[6]  ; cnt_p[14] ; clk        ; clk      ; None                        ; None                      ; 9.220 ns                ;
; N/A                                     ; 100.72 MHz ( period = 9.929 ns )                    ; cnt_p[6]  ; cnt_p[13] ; clk        ; clk      ; None                        ; None                      ; 9.220 ns                ;
; N/A                                     ; 100.72 MHz ( period = 9.929 ns )                    ; cnt_p[6]  ; cnt_p[12] ; clk        ; clk      ; None                        ; None                      ; 9.220 ns                ;
; N/A                                     ; 100.72 MHz ( period = 9.929 ns )                    ; cnt_p[6]  ; cnt_p[11] ; clk        ; clk      ; None                        ; None                      ; 9.220 ns                ;
; N/A                                     ; 100.72 MHz ( period = 9.929 ns )                    ; cnt_p[6]  ; cnt_p[10] ; clk        ; clk      ; None                        ; None                      ; 9.220 ns                ;
; N/A                                     ; 100.72 MHz ( period = 9.929 ns )                    ; cnt_p[6]  ; cnt_p[9]  ; clk        ; clk      ; None                        ; None                      ; 9.220 ns                ;
; N/A                                     ; 100.72 MHz ( period = 9.929 ns )                    ; cnt_p[6]  ; cnt_p[8]  ; clk        ; clk      ; None                        ; None                      ; 9.220 ns                ;
; N/A                                     ; 101.79 MHz ( period = 9.824 ns )                    ; cnt_p[6]  ; cnt_p[7]  ; clk        ; clk      ; None                        ; None                      ; 9.115 ns                ;
; N/A                                     ; 101.79 MHz ( period = 9.824 ns )                    ; cnt_p[6]  ; cnt_p[4]  ; clk        ; clk      ; None                        ; None                      ; 9.115 ns                ;
; N/A                                     ; 101.79 MHz ( period = 9.824 ns )                    ; cnt_p[6]  ; cnt_p[5]  ; clk        ; clk      ; None                        ; None                      ; 9.115 ns                ;
; N/A                                     ; 101.79 MHz ( period = 9.824 ns )                    ; cnt_p[6]  ; cnt_p[2]  ; clk        ; clk      ; None                        ; None                      ; 9.115 ns                ;
; N/A                                     ; 101.79 MHz ( period = 9.824 ns )                    ; cnt_p[6]  ; cnt_p[3]  ; clk        ; clk      ; None                        ; None                      ; 9.115 ns                ;
; N/A                                     ; 101.79 MHz ( period = 9.824 ns )                    ; cnt_p[6]  ; cnt_p[0]  ; clk        ; clk      ; None                        ; None                      ; 9.115 ns                ;
; N/A                                     ; 101.79 MHz ( period = 9.824 ns )                    ; cnt_p[6]  ; cnt_p[1]  ; clk        ; clk      ; None                        ; None                      ; 9.115 ns                ;
; N/A                                     ; 101.79 MHz ( period = 9.824 ns )                    ; cnt_p[6]  ; cnt_p[6]  ; clk        ; clk      ; None                        ; None                      ; 9.115 ns                ;
; N/A                                     ; 103.00 MHz ( period = 9.709 ns )                    ; cnt_p[8]  ; cnt_p[15] ; clk        ; clk      ; None                        ; None                      ; 9.000 ns                ;
; N/A                                     ; 103.00 MHz ( period = 9.709 ns )                    ; cnt_p[8]  ; cnt_p[14] ; clk        ; clk      ; None                        ; None                      ; 9.000 ns                ;
; N/A                                     ; 103.00 MHz ( period = 9.709 ns )                    ; cnt_p[8]  ; cnt_p[13] ; clk        ; clk      ; None                        ; None                      ; 9.000 ns                ;
; N/A                                     ; 103.00 MHz ( period = 9.709 ns )                    ; cnt_p[8]  ; cnt_p[12] ; clk        ; clk      ; None                        ; None                      ; 9.000 ns                ;
; N/A                                     ; 103.00 MHz ( period = 9.709 ns )                    ; cnt_p[8]  ; cnt_p[11] ; clk        ; clk      ; None                        ; None                      ; 9.000 ns                ;
; N/A                                     ; 103.00 MHz ( period = 9.709 ns )                    ; cnt_p[8]  ; cnt_p[10] ; clk        ; clk      ; None                        ; None                      ; 9.000 ns                ;
; N/A                                     ; 103.00 MHz ( period = 9.709 ns )                    ; cnt_p[8]  ; cnt_p[9]  ; clk        ; clk      ; None                        ; None                      ; 9.000 ns                ;
; N/A                                     ; 103.00 MHz ( period = 9.709 ns )                    ; cnt_p[8]  ; cnt_p[8]  ; clk        ; clk      ; None                        ; None                      ; 9.000 ns                ;
; N/A                                     ; 104.12 MHz ( period = 9.604 ns )                    ; cnt_p[8]  ; cnt_p[7]  ; clk        ; clk      ; None                        ; None                      ; 8.895 ns                ;
; N/A                                     ; 104.12 MHz ( period = 9.604 ns )                    ; cnt_p[8]  ; cnt_p[4]  ; clk        ; clk      ; None                        ; None                      ; 8.895 ns                ;
; N/A                                     ; 104.12 MHz ( period = 9.604 ns )                    ; cnt_p[8]  ; cnt_p[5]  ; clk        ; clk      ; None                        ; None                      ; 8.895 ns                ;
; N/A                                     ; 104.12 MHz ( period = 9.604 ns )                    ; cnt_p[8]  ; cnt_p[2]  ; clk        ; clk      ; None                        ; None                      ; 8.895 ns                ;
; N/A                                     ; 104.12 MHz ( period = 9.604 ns )                    ; cnt_p[8]  ; cnt_p[3]  ; clk        ; clk      ; None                        ; None                      ; 8.895 ns                ;
; N/A                                     ; 104.12 MHz ( period = 9.604 ns )                    ; cnt_p[8]  ; cnt_p[0]  ; clk        ; clk      ; None                        ; None                      ; 8.895 ns                ;
; N/A                                     ; 104.12 MHz ( period = 9.604 ns )                    ; cnt_p[8]  ; cnt_p[1]  ; clk        ; clk      ; None                        ; None                      ; 8.895 ns                ;
; N/A                                     ; 104.12 MHz ( period = 9.604 ns )                    ; cnt_p[8]  ; cnt_p[6]  ; clk        ; clk      ; None                        ; None                      ; 8.895 ns                ;
; N/A                                     ; 105.78 MHz ( period = 9.454 ns )                    ; cnt_p[9]  ; cnt_p[15] ; clk        ; clk      ; None                        ; None                      ; 8.745 ns                ;
; N/A                                     ; 105.78 MHz ( period = 9.454 ns )                    ; cnt_p[9]  ; cnt_p[14] ; clk        ; clk      ; None                        ; None                      ; 8.745 ns                ;
; N/A                                     ; 105.78 MHz ( period = 9.454 ns )                    ; cnt_p[9]  ; cnt_p[13] ; clk        ; clk      ; None                        ; None                      ; 8.745 ns                ;
; N/A                                     ; 105.78 MHz ( period = 9.454 ns )                    ; cnt_p[9]  ; cnt_p[12] ; clk        ; clk      ; None                        ; None                      ; 8.745 ns                ;
; N/A                                     ; 105.78 MHz ( period = 9.454 ns )                    ; cnt_p[9]  ; cnt_p[11] ; clk        ; clk      ; None                        ; None                      ; 8.745 ns                ;
; N/A                                     ; 105.78 MHz ( period = 9.454 ns )                    ; cnt_p[9]  ; cnt_p[10] ; clk        ; clk      ; None                        ; None                      ; 8.745 ns                ;
; N/A                                     ; 105.78 MHz ( period = 9.454 ns )                    ; cnt_p[9]  ; cnt_p[9]  ; clk        ; clk      ; None                        ; None                      ; 8.745 ns                ;
; N/A                                     ; 105.78 MHz ( period = 9.454 ns )                    ; cnt_p[9]  ; cnt_p[8]  ; clk        ; clk      ; None                        ; None                      ; 8.745 ns                ;
; N/A                                     ; 105.81 MHz ( period = 9.451 ns )                    ; cnt_p[7]  ; cnt_p[15] ; clk        ; clk      ; None                        ; None                      ; 8.742 ns                ;
; N/A                                     ; 105.81 MHz ( period = 9.451 ns )                    ; cnt_p[7]  ; cnt_p[14] ; clk        ; clk      ; None                        ; None                      ; 8.742 ns                ;
; N/A                                     ; 105.81 MHz ( period = 9.451 ns )                    ; cnt_p[7]  ; cnt_p[13] ; clk        ; clk      ; None                        ; None                      ; 8.742 ns                ;
; N/A                                     ; 105.81 MHz ( period = 9.451 ns )                    ; cnt_p[7]  ; cnt_p[12] ; clk        ; clk      ; None                        ; None                      ; 8.742 ns                ;
; N/A                                     ; 105.81 MHz ( period = 9.451 ns )                    ; cnt_p[7]  ; cnt_p[11] ; clk        ; clk      ; None                        ; None                      ; 8.742 ns                ;
; N/A                                     ; 105.81 MHz ( period = 9.451 ns )                    ; cnt_p[7]  ; cnt_p[10] ; clk        ; clk      ; None                        ; None                      ; 8.742 ns                ;
; N/A                                     ; 105.81 MHz ( period = 9.451 ns )                    ; cnt_p[7]  ; cnt_p[9]  ; clk        ; clk      ; None                        ; None                      ; 8.742 ns                ;
; N/A                                     ; 105.81 MHz ( period = 9.451 ns )                    ; cnt_p[7]  ; cnt_p[8]  ; clk        ; clk      ; None                        ; None                      ; 8.742 ns                ;
; N/A                                     ; 105.93 MHz ( period = 9.440 ns )                    ; cnt_p[13] ; cnt_p[15] ; clk        ; clk      ; None                        ; None                      ; 8.731 ns                ;
; N/A                                     ; 105.93 MHz ( period = 9.440 ns )                    ; cnt_p[13] ; cnt_p[14] ; clk        ; clk      ; None                        ; None                      ; 8.731 ns                ;
; N/A                                     ; 105.93 MHz ( period = 9.440 ns )                    ; cnt_p[13] ; cnt_p[13] ; clk        ; clk      ; None                        ; None                      ; 8.731 ns                ;
; N/A                                     ; 105.93 MHz ( period = 9.440 ns )                    ; cnt_p[13] ; cnt_p[12] ; clk        ; clk      ; None                        ; None                      ; 8.731 ns                ;
; N/A                                     ; 105.93 MHz ( period = 9.440 ns )                    ; cnt_p[13] ; cnt_p[11] ; clk        ; clk      ; None                        ; None                      ; 8.731 ns                ;
; N/A                                     ; 105.93 MHz ( period = 9.440 ns )                    ; cnt_p[13] ; cnt_p[10] ; clk        ; clk      ; None                        ; None                      ; 8.731 ns                ;
; N/A                                     ; 105.93 MHz ( period = 9.440 ns )                    ; cnt_p[13] ; cnt_p[9]  ; clk        ; clk      ; None                        ; None                      ; 8.731 ns                ;
; N/A                                     ; 105.93 MHz ( period = 9.440 ns )                    ; cnt_p[13] ; cnt_p[8]  ; clk        ; clk      ; None                        ; None                      ; 8.731 ns                ;
; N/A                                     ; 106.03 MHz ( period = 9.431 ns )                    ; cnt_p[10] ; cnt_p[15] ; clk        ; clk      ; None                        ; None                      ; 8.722 ns                ;
; N/A                                     ; 106.03 MHz ( period = 9.431 ns )                    ; cnt_p[10] ; cnt_p[14] ; clk        ; clk      ; None                        ; None                      ; 8.722 ns                ;
; N/A                                     ; 106.03 MHz ( period = 9.431 ns )                    ; cnt_p[10] ; cnt_p[13] ; clk        ; clk      ; None                        ; None                      ; 8.722 ns                ;
; N/A                                     ; 106.03 MHz ( period = 9.431 ns )                    ; cnt_p[10] ; cnt_p[12] ; clk        ; clk      ; None                        ; None                      ; 8.722 ns                ;
; N/A                                     ; 106.03 MHz ( period = 9.431 ns )                    ; cnt_p[10] ; cnt_p[11] ; clk        ; clk      ; None                        ; None                      ; 8.722 ns                ;
; N/A                                     ; 106.03 MHz ( period = 9.431 ns )                    ; cnt_p[10] ; cnt_p[10] ; clk        ; clk      ; None                        ; None                      ; 8.722 ns                ;
; N/A                                     ; 106.03 MHz ( period = 9.431 ns )                    ; cnt_p[10] ; cnt_p[9]  ; clk        ; clk      ; None                        ; None                      ; 8.722 ns                ;
; N/A                                     ; 106.03 MHz ( period = 9.431 ns )                    ; cnt_p[10] ; cnt_p[8]  ; clk        ; clk      ; None                        ; None                      ; 8.722 ns                ;
; N/A                                     ; 106.96 MHz ( period = 9.349 ns )                    ; cnt_p[9]  ; cnt_p[7]  ; clk        ; clk      ; None                        ; None                      ; 8.640 ns                ;
; N/A                                     ; 106.96 MHz ( period = 9.349 ns )                    ; cnt_p[9]  ; cnt_p[4]  ; clk        ; clk      ; None                        ; None                      ; 8.640 ns                ;
; N/A                                     ; 106.96 MHz ( period = 9.349 ns )                    ; cnt_p[9]  ; cnt_p[5]  ; clk        ; clk      ; None                        ; None                      ; 8.640 ns                ;
; N/A                                     ; 106.96 MHz ( period = 9.349 ns )                    ; cnt_p[9]  ; cnt_p[2]  ; clk        ; clk      ; None                        ; None                      ; 8.640 ns                ;
; N/A                                     ; 106.96 MHz ( period = 9.349 ns )                    ; cnt_p[9]  ; cnt_p[3]  ; clk        ; clk      ; None                        ; None                      ; 8.640 ns                ;
; N/A                                     ; 106.96 MHz ( period = 9.349 ns )                    ; cnt_p[9]  ; cnt_p[0]  ; clk        ; clk      ; None                        ; None                      ; 8.640 ns                ;
; N/A                                     ; 106.96 MHz ( period = 9.349 ns )                    ; cnt_p[9]  ; cnt_p[1]  ; clk        ; clk      ; None                        ; None                      ; 8.640 ns                ;
; N/A                                     ; 106.96 MHz ( period = 9.349 ns )                    ; cnt_p[9]  ; cnt_p[6]  ; clk        ; clk      ; None                        ; None                      ; 8.640 ns                ;
; N/A                                     ; 107.00 MHz ( period = 9.346 ns )                    ; cnt_p[7]  ; cnt_p[7]  ; clk        ; clk      ; None                        ; None                      ; 8.637 ns                ;
; N/A                                     ; 107.00 MHz ( period = 9.346 ns )                    ; cnt_p[7]  ; cnt_p[4]  ; clk        ; clk      ; None                        ; None                      ; 8.637 ns                ;
; N/A                                     ; 107.00 MHz ( period = 9.346 ns )                    ; cnt_p[7]  ; cnt_p[5]  ; clk        ; clk      ; None                        ; None                      ; 8.637 ns                ;
; N/A                                     ; 107.00 MHz ( period = 9.346 ns )                    ; cnt_p[7]  ; cnt_p[2]  ; clk        ; clk      ; None                        ; None                      ; 8.637 ns                ;
; N/A                                     ; 107.00 MHz ( period = 9.346 ns )                    ; cnt_p[7]  ; cnt_p[3]  ; clk        ; clk      ; None                        ; None                      ; 8.637 ns                ;
; N/A                                     ; 107.00 MHz ( period = 9.346 ns )                    ; cnt_p[7]  ; cnt_p[0]  ; clk        ; clk      ; None                        ; None                      ; 8.637 ns                ;
; N/A                                     ; 107.00 MHz ( period = 9.346 ns )                    ; cnt_p[7]  ; cnt_p[1]  ; clk        ; clk      ; None                        ; None                      ; 8.637 ns                ;
; N/A                                     ; 107.00 MHz ( period = 9.346 ns )                    ; cnt_p[7]  ; cnt_p[6]  ; clk        ; clk      ; None                        ; None                      ; 8.637 ns                ;
; N/A                                     ; 107.12 MHz ( period = 9.335 ns )                    ; cnt_p[13] ; cnt_p[7]  ; clk        ; clk      ; None                        ; None                      ; 8.626 ns                ;
; N/A                                     ; 107.12 MHz ( period = 9.335 ns )                    ; cnt_p[13] ; cnt_p[4]  ; clk        ; clk      ; None                        ; None                      ; 8.626 ns                ;
; N/A                                     ; 107.12 MHz ( period = 9.335 ns )                    ; cnt_p[13] ; cnt_p[5]  ; clk        ; clk      ; None                        ; None                      ; 8.626 ns                ;
; N/A                                     ; 107.12 MHz ( period = 9.335 ns )                    ; cnt_p[13] ; cnt_p[2]  ; clk        ; clk      ; None                        ; None                      ; 8.626 ns                ;
; N/A                                     ; 107.12 MHz ( period = 9.335 ns )                    ; cnt_p[13] ; cnt_p[3]  ; clk        ; clk      ; None                        ; None                      ; 8.626 ns                ;
; N/A                                     ; 107.12 MHz ( period = 9.335 ns )                    ; cnt_p[13] ; cnt_p[0]  ; clk        ; clk      ; None                        ; None                      ; 8.626 ns                ;
; N/A                                     ; 107.12 MHz ( period = 9.335 ns )                    ; cnt_p[13] ; cnt_p[1]  ; clk        ; clk      ; None                        ; None                      ; 8.626 ns                ;
; N/A                                     ; 107.12 MHz ( period = 9.335 ns )                    ; cnt_p[13] ; cnt_p[6]  ; clk        ; clk      ; None                        ; None                      ; 8.626 ns                ;
; N/A                                     ; 107.23 MHz ( period = 9.326 ns )                    ; cnt_p[10] ; cnt_p[7]  ; clk        ; clk      ; None                        ; None                      ; 8.617 ns                ;
; N/A                                     ; 107.23 MHz ( period = 9.326 ns )                    ; cnt_p[10] ; cnt_p[4]  ; clk        ; clk      ; None                        ; None                      ; 8.617 ns                ;
; N/A                                     ; 107.23 MHz ( period = 9.326 ns )                    ; cnt_p[10] ; cnt_p[5]  ; clk        ; clk      ; None                        ; None                      ; 8.617 ns                ;
; N/A                                     ; 107.23 MHz ( period = 9.326 ns )                    ; cnt_p[10] ; cnt_p[2]  ; clk        ; clk      ; None                        ; None                      ; 8.617 ns                ;
; N/A                                     ; 107.23 MHz ( period = 9.326 ns )                    ; cnt_p[10] ; cnt_p[3]  ; clk        ; clk      ; None                        ; None                      ; 8.617 ns                ;
; N/A                                     ; 107.23 MHz ( period = 9.326 ns )                    ; cnt_p[10] ; cnt_p[0]  ; clk        ; clk      ; None                        ; None                      ; 8.617 ns                ;
; N/A                                     ; 107.23 MHz ( period = 9.326 ns )                    ; cnt_p[10] ; cnt_p[1]  ; clk        ; clk      ; None                        ; None                      ; 8.617 ns                ;
; N/A                                     ; 107.23 MHz ( period = 9.326 ns )                    ; cnt_p[10] ; cnt_p[6]  ; clk        ; clk      ; None                        ; None                      ; 8.617 ns                ;
; N/A                                     ; 108.26 MHz ( period = 9.237 ns )                    ; cnt_p[12] ; cnt_p[15] ; clk        ; clk      ; None                        ; None                      ; 8.528 ns                ;
; N/A                                     ; 108.26 MHz ( period = 9.237 ns )                    ; cnt_p[12] ; cnt_p[14] ; clk        ; clk      ; None                        ; None                      ; 8.528 ns                ;
; N/A                                     ; 108.26 MHz ( period = 9.237 ns )                    ; cnt_p[12] ; cnt_p[13] ; clk        ; clk      ; None                        ; None                      ; 8.528 ns                ;
; N/A                                     ; 108.26 MHz ( period = 9.237 ns )                    ; cnt_p[12] ; cnt_p[12] ; clk        ; clk      ; None                        ; None                      ; 8.528 ns                ;
; N/A                                     ; 108.26 MHz ( period = 9.237 ns )                    ; cnt_p[12] ; cnt_p[11] ; clk        ; clk      ; None                        ; None                      ; 8.528 ns                ;
; N/A                                     ; 108.26 MHz ( period = 9.237 ns )                    ; cnt_p[12] ; cnt_p[10] ; clk        ; clk      ; None                        ; None                      ; 8.528 ns                ;
; N/A                                     ; 108.26 MHz ( period = 9.237 ns )                    ; cnt_p[12] ; cnt_p[9]  ; clk        ; clk      ; None                        ; None                      ; 8.528 ns                ;
; N/A                                     ; 108.26 MHz ( period = 9.237 ns )                    ; cnt_p[12] ; cnt_p[8]  ; clk        ; clk      ; None                        ; None                      ; 8.528 ns                ;
; N/A                                     ; 109.51 MHz ( period = 9.132 ns )                    ; cnt_p[12] ; cnt_p[7]  ; clk        ; clk      ; None                        ; None                      ; 8.423 ns                ;
; N/A                                     ; 109.51 MHz ( period = 9.132 ns )                    ; cnt_p[12] ; cnt_p[4]  ; clk        ; clk      ; None                        ; None                      ; 8.423 ns                ;
; N/A                                     ; 109.51 MHz ( period = 9.132 ns )                    ; cnt_p[12] ; cnt_p[5]  ; clk        ; clk      ; None                        ; None                      ; 8.423 ns                ;
; N/A                                     ; 109.51 MHz ( period = 9.132 ns )                    ; cnt_p[12] ; cnt_p[2]  ; clk        ; clk      ; None                        ; None                      ; 8.423 ns                ;
; N/A                                     ; 109.51 MHz ( period = 9.132 ns )                    ; cnt_p[12] ; cnt_p[3]  ; clk        ; clk      ; None                        ; None                      ; 8.423 ns                ;
; N/A                                     ; 109.51 MHz ( period = 9.132 ns )                    ; cnt_p[12] ; cnt_p[0]  ; clk        ; clk      ; None                        ; None                      ; 8.423 ns                ;
; N/A                                     ; 109.51 MHz ( period = 9.132 ns )                    ; cnt_p[12] ; cnt_p[1]  ; clk        ; clk      ; None                        ; None                      ; 8.423 ns                ;
; N/A                                     ; 109.51 MHz ( period = 9.132 ns )                    ; cnt_p[12] ; cnt_p[6]  ; clk        ; clk      ; None                        ; None                      ; 8.423 ns                ;
; N/A                                     ; 113.33 MHz ( period = 8.824 ns )                    ; cnt_p[11] ; cnt_p[15] ; clk        ; clk      ; None                        ; None                      ; 8.115 ns                ;
; N/A                                     ; 113.33 MHz ( period = 8.824 ns )                    ; cnt_p[11] ; cnt_p[14] ; clk        ; clk      ; None                        ; None                      ; 8.115 ns                ;
; N/A                                     ; 113.33 MHz ( period = 8.824 ns )                    ; cnt_p[11] ; cnt_p[13] ; clk        ; clk      ; None                        ; None                      ; 8.115 ns                ;
; N/A                                     ; 113.33 MHz ( period = 8.824 ns )                    ; cnt_p[11] ; cnt_p[12] ; clk        ; clk      ; None                        ; None                      ; 8.115 ns                ;
; N/A                                     ; 113.33 MHz ( period = 8.824 ns )                    ; cnt_p[11] ; cnt_p[11] ; clk        ; clk      ; None                        ; None                      ; 8.115 ns                ;
; N/A                                     ; 113.33 MHz ( period = 8.824 ns )                    ; cnt_p[11] ; cnt_p[10] ; clk        ; clk      ; None                        ; None                      ; 8.115 ns                ;
; N/A                                     ; 113.33 MHz ( period = 8.824 ns )                    ; cnt_p[11] ; cnt_p[9]  ; clk        ; clk      ; None                        ; None                      ; 8.115 ns                ;
; N/A                                     ; 113.33 MHz ( period = 8.824 ns )                    ; cnt_p[11] ; cnt_p[8]  ; clk        ; clk      ; None                        ; None                      ; 8.115 ns                ;
; N/A                                     ; 114.08 MHz ( period = 8.766 ns )                    ; cnt_p[1]  ; cnt_p[15] ; clk        ; clk      ; None                        ; None                      ; 8.057 ns                ;
; N/A                                     ; 114.08 MHz ( period = 8.766 ns )                    ; cnt_p[1]  ; cnt_p[14] ; clk        ; clk      ; None                        ; None                      ; 8.057 ns                ;
; N/A                                     ; 114.08 MHz ( period = 8.766 ns )                    ; cnt_p[1]  ; cnt_p[13] ; clk        ; clk      ; None                        ; None                      ; 8.057 ns                ;
; N/A                                     ; 114.08 MHz ( period = 8.766 ns )                    ; cnt_p[1]  ; cnt_p[12] ; clk        ; clk      ; None                        ; None                      ; 8.057 ns                ;
; N/A                                     ; 114.08 MHz ( period = 8.766 ns )                    ; cnt_p[1]  ; cnt_p[11] ; clk        ; clk      ; None                        ; None                      ; 8.057 ns                ;
; N/A                                     ; 114.08 MHz ( period = 8.766 ns )                    ; cnt_p[1]  ; cnt_p[10] ; clk        ; clk      ; None                        ; None                      ; 8.057 ns                ;
; N/A                                     ; 114.08 MHz ( period = 8.766 ns )                    ; cnt_p[1]  ; cnt_p[9]  ; clk        ; clk      ; None                        ; None                      ; 8.057 ns                ;
; N/A                                     ; 114.08 MHz ( period = 8.766 ns )                    ; cnt_p[1]  ; cnt_p[8]  ; clk        ; clk      ; None                        ; None                      ; 8.057 ns                ;
; N/A                                     ; 114.69 MHz ( period = 8.719 ns )                    ; cnt_p[11] ; cnt_p[7]  ; clk        ; clk      ; None                        ; None                      ; 8.010 ns                ;
; N/A                                     ; 114.69 MHz ( period = 8.719 ns )                    ; cnt_p[11] ; cnt_p[4]  ; clk        ; clk      ; None                        ; None                      ; 8.010 ns                ;
; N/A                                     ; 114.69 MHz ( period = 8.719 ns )                    ; cnt_p[11] ; cnt_p[5]  ; clk        ; clk      ; None                        ; None                      ; 8.010 ns                ;
; N/A                                     ; 114.69 MHz ( period = 8.719 ns )                    ; cnt_p[11] ; cnt_p[2]  ; clk        ; clk      ; None                        ; None                      ; 8.010 ns                ;
; N/A                                     ; 114.69 MHz ( period = 8.719 ns )                    ; cnt_p[11] ; cnt_p[3]  ; clk        ; clk      ; None                        ; None                      ; 8.010 ns                ;
; N/A                                     ; 114.69 MHz ( period = 8.719 ns )                    ; cnt_p[11] ; cnt_p[0]  ; clk        ; clk      ; None                        ; None                      ; 8.010 ns                ;
; N/A                                     ; 114.69 MHz ( period = 8.719 ns )                    ; cnt_p[11] ; cnt_p[1]  ; clk        ; clk      ; None                        ; None                      ; 8.010 ns                ;
; N/A                                     ; 114.69 MHz ( period = 8.719 ns )                    ; cnt_p[11] ; cnt_p[6]  ; clk        ; clk      ; None                        ; None                      ; 8.010 ns                ;
; N/A                                     ; 115.46 MHz ( period = 8.661 ns )                    ; cnt_p[1]  ; cnt_p[7]  ; clk        ; clk      ; None                        ; None                      ; 7.952 ns                ;
; N/A                                     ; 115.46 MHz ( period = 8.661 ns )                    ; cnt_p[1]  ; cnt_p[4]  ; clk        ; clk      ; None                        ; None                      ; 7.952 ns                ;
; N/A                                     ; 115.46 MHz ( period = 8.661 ns )                    ; cnt_p[1]  ; cnt_p[5]  ; clk        ; clk      ; None                        ; None                      ; 7.952 ns                ;
; N/A                                     ; 115.46 MHz ( period = 8.661 ns )                    ; cnt_p[1]  ; cnt_p[2]  ; clk        ; clk      ; None                        ; None                      ; 7.952 ns                ;
; N/A                                     ; 115.46 MHz ( period = 8.661 ns )                    ; cnt_p[1]  ; cnt_p[3]  ; clk        ; clk      ; None                        ; None                      ; 7.952 ns                ;
; N/A                                     ; 115.46 MHz ( period = 8.661 ns )                    ; cnt_p[1]  ; cnt_p[0]  ; clk        ; clk      ; None                        ; None                      ; 7.952 ns                ;
; N/A                                     ; 115.46 MHz ( period = 8.661 ns )                    ; cnt_p[1]  ; cnt_p[1]  ; clk        ; clk      ; None                        ; None                      ; 7.952 ns                ;
; N/A                                     ; 115.46 MHz ( period = 8.661 ns )                    ; cnt_p[1]  ; cnt_p[6]  ; clk        ; clk      ; None                        ; None                      ; 7.952 ns                ;
; N/A                                     ; 116.13 MHz ( period = 8.611 ns )                    ; cnt_p[0]  ; cnt_p[15] ; clk        ; clk      ; None                        ; None                      ; 7.902 ns                ;
; N/A                                     ; 116.13 MHz ( period = 8.611 ns )                    ; cnt_p[0]  ; cnt_p[14] ; clk        ; clk      ; None                        ; None                      ; 7.902 ns                ;
; N/A                                     ; 116.13 MHz ( period = 8.611 ns )                    ; cnt_p[0]  ; cnt_p[13] ; clk        ; clk      ; None                        ; None                      ; 7.902 ns                ;
; N/A                                     ; 116.13 MHz ( period = 8.611 ns )                    ; cnt_p[0]  ; cnt_p[12] ; clk        ; clk      ; None                        ; None                      ; 7.902 ns                ;
; N/A                                     ; 116.13 MHz ( period = 8.611 ns )                    ; cnt_p[0]  ; cnt_p[11] ; clk        ; clk      ; None                        ; None                      ; 7.902 ns                ;
; N/A                                     ; 116.13 MHz ( period = 8.611 ns )                    ; cnt_p[0]  ; cnt_p[10] ; clk        ; clk      ; None                        ; None                      ; 7.902 ns                ;
; N/A                                     ; 116.13 MHz ( period = 8.611 ns )                    ; cnt_p[0]  ; cnt_p[9]  ; clk        ; clk      ; None                        ; None                      ; 7.902 ns                ;
; N/A                                     ; 116.13 MHz ( period = 8.611 ns )                    ; cnt_p[0]  ; cnt_p[8]  ; clk        ; clk      ; None                        ; None                      ; 7.902 ns                ;
; N/A                                     ; 117.11 MHz ( period = 8.539 ns )                    ; cnt_p[2]  ; cnt_p[15] ; clk        ; clk      ; None                        ; None                      ; 7.830 ns                ;
; N/A                                     ; 117.11 MHz ( period = 8.539 ns )                    ; cnt_p[2]  ; cnt_p[14] ; clk        ; clk      ; None                        ; None                      ; 7.830 ns                ;
; N/A                                     ; 117.11 MHz ( period = 8.539 ns )                    ; cnt_p[2]  ; cnt_p[13] ; clk        ; clk      ; None                        ; None                      ; 7.830 ns                ;
; N/A                                     ; 117.11 MHz ( period = 8.539 ns )                    ; cnt_p[2]  ; cnt_p[12] ; clk        ; clk      ; None                        ; None                      ; 7.830 ns                ;
; N/A                                     ; 117.11 MHz ( period = 8.539 ns )                    ; cnt_p[2]  ; cnt_p[11] ; clk        ; clk      ; None                        ; None                      ; 7.830 ns                ;
; N/A                                     ; 117.11 MHz ( period = 8.539 ns )                    ; cnt_p[2]  ; cnt_p[10] ; clk        ; clk      ; None                        ; None                      ; 7.830 ns                ;
; N/A                                     ; 117.11 MHz ( period = 8.539 ns )                    ; cnt_p[2]  ; cnt_p[9]  ; clk        ; clk      ; None                        ; None                      ; 7.830 ns                ;
; N/A                                     ; 117.11 MHz ( period = 8.539 ns )                    ; cnt_p[2]  ; cnt_p[8]  ; clk        ; clk      ; None                        ; None                      ; 7.830 ns                ;
; N/A                                     ; 117.56 MHz ( period = 8.506 ns )                    ; cnt_p[0]  ; cnt_p[7]  ; clk        ; clk      ; None                        ; None                      ; 7.797 ns                ;
; N/A                                     ; 117.56 MHz ( period = 8.506 ns )                    ; cnt_p[0]  ; cnt_p[4]  ; clk        ; clk      ; None                        ; None                      ; 7.797 ns                ;
; N/A                                     ; 117.56 MHz ( period = 8.506 ns )                    ; cnt_p[0]  ; cnt_p[5]  ; clk        ; clk      ; None                        ; None                      ; 7.797 ns                ;
; N/A                                     ; 117.56 MHz ( period = 8.506 ns )                    ; cnt_p[0]  ; cnt_p[2]  ; clk        ; clk      ; None                        ; None                      ; 7.797 ns                ;
; N/A                                     ; 117.56 MHz ( period = 8.506 ns )                    ; cnt_p[0]  ; cnt_p[3]  ; clk        ; clk      ; None                        ; None                      ; 7.797 ns                ;
; N/A                                     ; 117.56 MHz ( period = 8.506 ns )                    ; cnt_p[0]  ; cnt_p[0]  ; clk        ; clk      ; None                        ; None                      ; 7.797 ns                ;
; N/A                                     ; 117.56 MHz ( period = 8.506 ns )                    ; cnt_p[0]  ; cnt_p[1]  ; clk        ; clk      ; None                        ; None                      ; 7.797 ns                ;
; N/A                                     ; 117.56 MHz ( period = 8.506 ns )                    ; cnt_p[0]  ; cnt_p[6]  ; clk        ; clk      ; None                        ; None                      ; 7.797 ns                ;
; N/A                                     ; 118.18 MHz ( period = 8.462 ns )                    ; cnt_p[3]  ; cnt_p[15] ; clk        ; clk      ; None                        ; None                      ; 7.753 ns                ;
; N/A                                     ; 118.18 MHz ( period = 8.462 ns )                    ; cnt_p[3]  ; cnt_p[14] ; clk        ; clk      ; None                        ; None                      ; 7.753 ns                ;
; N/A                                     ; 118.18 MHz ( period = 8.462 ns )                    ; cnt_p[3]  ; cnt_p[13] ; clk        ; clk      ; None                        ; None                      ; 7.753 ns                ;
; N/A                                     ; 118.18 MHz ( period = 8.462 ns )                    ; cnt_p[3]  ; cnt_p[12] ; clk        ; clk      ; None                        ; None                      ; 7.753 ns                ;
; N/A                                     ; 118.18 MHz ( period = 8.462 ns )                    ; cnt_p[3]  ; cnt_p[11] ; clk        ; clk      ; None                        ; None                      ; 7.753 ns                ;
; N/A                                     ; 118.18 MHz ( period = 8.462 ns )                    ; cnt_p[3]  ; cnt_p[10] ; clk        ; clk      ; None                        ; None                      ; 7.753 ns                ;
; N/A                                     ; 118.18 MHz ( period = 8.462 ns )                    ; cnt_p[3]  ; cnt_p[9]  ; clk        ; clk      ; None                        ; None                      ; 7.753 ns                ;
; N/A                                     ; 118.18 MHz ( period = 8.462 ns )                    ; cnt_p[3]  ; cnt_p[8]  ; clk        ; clk      ; None                        ; None                      ; 7.753 ns                ;
; N/A                                     ; 118.57 MHz ( period = 8.434 ns )                    ; cnt_p[2]  ; cnt_p[7]  ; clk        ; clk      ; None                        ; None                      ; 7.725 ns                ;
; N/A                                     ; 118.57 MHz ( period = 8.434 ns )                    ; cnt_p[2]  ; cnt_p[4]  ; clk        ; clk      ; None                        ; None                      ; 7.725 ns                ;
; N/A                                     ; 118.57 MHz ( period = 8.434 ns )                    ; cnt_p[2]  ; cnt_p[5]  ; clk        ; clk      ; None                        ; None                      ; 7.725 ns                ;
; N/A                                     ; 118.57 MHz ( period = 8.434 ns )                    ; cnt_p[2]  ; cnt_p[2]  ; clk        ; clk      ; None                        ; None                      ; 7.725 ns                ;
; N/A                                     ; 118.57 MHz ( period = 8.434 ns )                    ; cnt_p[2]  ; cnt_p[3]  ; clk        ; clk      ; None                        ; None                      ; 7.725 ns                ;
; N/A                                     ; 118.57 MHz ( period = 8.434 ns )                    ; cnt_p[2]  ; cnt_p[0]  ; clk        ; clk      ; None                        ; None                      ; 7.725 ns                ;
; N/A                                     ; 118.57 MHz ( period = 8.434 ns )                    ; cnt_p[2]  ; cnt_p[1]  ; clk        ; clk      ; None                        ; None                      ; 7.725 ns                ;
; N/A                                     ; 118.57 MHz ( period = 8.434 ns )                    ; cnt_p[2]  ; cnt_p[6]  ; clk        ; clk      ; None                        ; None                      ; 7.725 ns                ;
; N/A                                     ; 119.66 MHz ( period = 8.357 ns )                    ; cnt_p[3]  ; cnt_p[7]  ; clk        ; clk      ; None                        ; None                      ; 7.648 ns                ;
; N/A                                     ; 119.66 MHz ( period = 8.357 ns )                    ; cnt_p[3]  ; cnt_p[4]  ; clk        ; clk      ; None                        ; None                      ; 7.648 ns                ;
; N/A                                     ; 119.66 MHz ( period = 8.357 ns )                    ; cnt_p[3]  ; cnt_p[5]  ; clk        ; clk      ; None                        ; None                      ; 7.648 ns                ;
; N/A                                     ; 119.66 MHz ( period = 8.357 ns )                    ; cnt_p[3]  ; cnt_p[2]  ; clk        ; clk      ; None                        ; None                      ; 7.648 ns                ;
; N/A                                     ; 119.66 MHz ( period = 8.357 ns )                    ; cnt_p[3]  ; cnt_p[3]  ; clk        ; clk      ; None                        ; None                      ; 7.648 ns                ;
; N/A                                     ; 119.66 MHz ( period = 8.357 ns )                    ; cnt_p[3]  ; cnt_p[0]  ; clk        ; clk      ; None                        ; None                      ; 7.648 ns                ;
; N/A                                     ; 119.66 MHz ( period = 8.357 ns )                    ; cnt_p[3]  ; cnt_p[1]  ; clk        ; clk      ; None                        ; None                      ; 7.648 ns                ;
; N/A                                     ; 119.66 MHz ( period = 8.357 ns )                    ; cnt_p[3]  ; cnt_p[6]  ; clk        ; clk      ; None                        ; None                      ; 7.648 ns                ;
; N/A                                     ; 121.08 MHz ( period = 8.259 ns )                    ; cnt_p[4]  ; cnt_p[15] ; clk        ; clk      ; None                        ; None                      ; 7.550 ns                ;
; N/A                                     ; 121.08 MHz ( period = 8.259 ns )                    ; cnt_p[4]  ; cnt_p[14] ; clk        ; clk      ; None                        ; None                      ; 7.550 ns                ;
; N/A                                     ; 121.08 MHz ( period = 8.259 ns )                    ; cnt_p[4]  ; cnt_p[13] ; clk        ; clk      ; None                        ; None                      ; 7.550 ns                ;
; N/A                                     ; 121.08 MHz ( period = 8.259 ns )                    ; cnt_p[4]  ; cnt_p[12] ; clk        ; clk      ; None                        ; None                      ; 7.550 ns                ;
; N/A                                     ; 121.08 MHz ( period = 8.259 ns )                    ; cnt_p[4]  ; cnt_p[11] ; clk        ; clk      ; None                        ; None                      ; 7.550 ns                ;
; N/A                                     ; 121.08 MHz ( period = 8.259 ns )                    ; cnt_p[4]  ; cnt_p[10] ; clk        ; clk      ; None                        ; None                      ; 7.550 ns                ;
; N/A                                     ; 121.08 MHz ( period = 8.259 ns )                    ; cnt_p[4]  ; cnt_p[9]  ; clk        ; clk      ; None                        ; None                      ; 7.550 ns                ;
; N/A                                     ; 121.08 MHz ( period = 8.259 ns )                    ; cnt_p[4]  ; cnt_p[8]  ; clk        ; clk      ; None                        ; None                      ; 7.550 ns                ;
; Timing analysis restricted to 200 rows. ; To change the limit use Settings (Assignments menu) ;           ;           ;            ;          ;                             ;                           ;                         ;
+-----------------------------------------+-----------------------------------------------------+-----------+-----------+------------+----------+-----------------------------+---------------------------+-------------------------+


+-----------------------------------------------------------+
; tsu                                                       ;
+-------+--------------+------------+-------+----+----------+
; Slack ; Required tsu ; Actual tsu ; From  ; To ; To Clock ;
+-------+--------------+------------+-------+----+----------+
; N/A   ; None         ; 2.128 ns   ; sw_in ; q1 ; clk      ;
+-------+--------------+------------+-------+----+----------+


+-----------------------------------------------------------------+
; tco                                                             ;
+-------+--------------+------------+----------+-----+------------+
; Slack ; Required tco ; Actual tco ; From     ; To  ; From Clock ;
+-------+--------------+------------+----------+-----+------------+
; N/A   ; None         ; 9.141 ns   ; led~reg0 ; led ; clk        ;
+-------+--------------+------------+----------+-----+------------+


+-----------------------------------------------------------------+
; th                                                              ;
+---------------+-------------+-----------+-------+----+----------+
; Minimum Slack ; Required th ; Actual th ; From  ; To ; To Clock ;
+---------------+-------------+-----------+-------+----+----------+
; N/A           ; None        ; -1.574 ns ; sw_in ; q1 ; clk      ;
+---------------+-------------+-----------+-------+----+----------+


+--------------------------+
; Timing Analyzer Messages ;
+--------------------------+
Info: *******************************************************************
Info: Running Quartus II Classic Timing Analyzer
    Info: Version 9.1 Build 350 03/24/2010 Service Pack 2 SJ Web Edition
    Info: Processing started: Thu Jan 04 11:02:35 2024
Info: Command: quartus_tan --read_settings_files=off --write_settings_files=off cpld_code -c cpld_code
Info: Started post-fitting delay annotation
Info: Delay annotation completed successfully
Warning: Found pins functioning as undefined clocks and/or memory enables
    Info: Assuming node "clk" is an undefined clock
Info: Clock "clk" has Internal fmax of 100.72 MHz between source register "cnt_p[6]" and destination register "cnt_p[15]" (period= 9.929 ns)
    Info: + Longest register to register delay is 9.220 ns
        Info: 1: + IC(0.000 ns) + CELL(0.000 ns) = 0.000 ns; Loc. = LC_X13_Y7_N8; Fanout = 4; REG Node = 'cnt_p[6]'
        Info: 2: + IC(2.870 ns) + CELL(0.511 ns) = 3.381 ns; Loc. = LC_X13_Y8_N5; Fanout = 1; COMB Node = 'LessThan0~1'
        Info: 3: + IC(0.768 ns) + CELL(0.511 ns) = 4.660 ns; Loc. = LC_X13_Y8_N9; Fanout = 2; COMB Node = 'LessThan0~2'
        Info: 4: + IC(0.732 ns) + CELL(0.200 ns) = 5.592 ns; Loc. = LC_X13_Y8_N2; Fanout = 16; COMB Node = 'LessThan0~5'
        Info: 5: + IC(1.868 ns) + CELL(1.760 ns) = 9.220 ns; Loc. = LC_X14_Y7_N7; Fanout = 3; REG Node = 'cnt_p[15]'
        Info: Total cell delay = 2.982 ns ( 32.34 % )
        Info: Total interconnect delay = 6.238 ns ( 67.66 % )
    Info: - Smallest clock skew is 0.000 ns
        Info: + Shortest clock path from clock "clk" to destination register is 3.819 ns
            Info: 1: + IC(0.000 ns) + CELL(1.163 ns) = 1.163 ns; Loc. = PIN_20; Fanout = 20; CLK Node = 'clk'
            Info: 2: + IC(1.738 ns) + CELL(0.918 ns) = 3.819 ns; Loc. = LC_X14_Y7_N7; Fanout = 3; REG Node = 'cnt_p[15]'
            Info: Total cell delay = 2.081 ns ( 54.49 % )
            Info: Total interconnect delay = 1.738 ns ( 45.51 % )
        Info: - Longest clock path from clock "clk" to source register is 3.819 ns
            Info: 1: + IC(0.000 ns) + CELL(1.163 ns) = 1.163 ns; Loc. = PIN_20; Fanout = 20; CLK Node = 'clk'
            Info: 2: + IC(1.738 ns) + CELL(0.918 ns) = 3.819 ns; Loc. = LC_X13_Y7_N8; Fanout = 4; REG Node = 'cnt_p[6]'
            Info: Total cell delay = 2.081 ns ( 54.49 % )
            Info: Total interconnect delay = 1.738 ns ( 45.51 % )
    Info: + Micro clock to output delay of source is 0.376 ns
    Info: + Micro setup delay of destination is 0.333 ns
Info: tsu for register "q1" (data pin = "sw_in", clock pin = "clk") is 2.128 ns
    Info: + Longest pin to register delay is 5.614 ns
        Info: 1: + IC(0.000 ns) + CELL(1.132 ns) = 1.132 ns; Loc. = PIN_11; Fanout = 1; PIN Node = 'sw_in'
        Info: 2: + IC(3.421 ns) + CELL(1.061 ns) = 5.614 ns; Loc. = LC_X13_Y8_N3; Fanout = 2; REG Node = 'q1'
        Info: Total cell delay = 2.193 ns ( 39.06 % )
        Info: Total interconnect delay = 3.421 ns ( 60.94 % )
    Info: + Micro setup delay of destination is 0.333 ns
    Info: - Shortest clock path from clock "clk" to destination register is 3.819 ns
        Info: 1: + IC(0.000 ns) + CELL(1.163 ns) = 1.163 ns; Loc. = PIN_20; Fanout = 20; CLK Node = 'clk'
        Info: 2: + IC(1.738 ns) + CELL(0.918 ns) = 3.819 ns; Loc. = LC_X13_Y8_N3; Fanout = 2; REG Node = 'q1'
        Info: Total cell delay = 2.081 ns ( 54.49 % )
        Info: Total interconnect delay = 1.738 ns ( 45.51 % )
Info: tco from clock "clk" to destination pin "led" through register "led~reg0" is 9.141 ns
    Info: + Longest clock path from clock "clk" to source register is 3.819 ns
        Info: 1: + IC(0.000 ns) + CELL(1.163 ns) = 1.163 ns; Loc. = PIN_20; Fanout = 20; CLK Node = 'clk'
        Info: 2: + IC(1.738 ns) + CELL(0.918 ns) = 3.819 ns; Loc. = LC_X13_Y8_N7; Fanout = 2; REG Node = 'led~reg0'
        Info: Total cell delay = 2.081 ns ( 54.49 % )
        Info: Total interconnect delay = 1.738 ns ( 45.51 % )
    Info: + Micro clock to output delay of source is 0.376 ns
    Info: + Longest register to pin delay is 4.946 ns
        Info: 1: + IC(0.000 ns) + CELL(0.000 ns) = 0.000 ns; Loc. = LC_X13_Y8_N7; Fanout = 2; REG Node = 'led~reg0'
        Info: 2: + IC(2.624 ns) + CELL(2.322 ns) = 4.946 ns; Loc. = PIN_122; Fanout = 0; PIN Node = 'led'
        Info: Total cell delay = 2.322 ns ( 46.95 % )
        Info: Total interconnect delay = 2.624 ns ( 53.05 % )
Info: th for register "q1" (data pin = "sw_in", clock pin = "clk") is -1.574 ns
    Info: + Longest clock path from clock "clk" to destination register is 3.819 ns
        Info: 1: + IC(0.000 ns) + CELL(1.163 ns) = 1.163 ns; Loc. = PIN_20; Fanout = 20; CLK Node = 'clk'
        Info: 2: + IC(1.738 ns) + CELL(0.918 ns) = 3.819 ns; Loc. = LC_X13_Y8_N3; Fanout = 2; REG Node = 'q1'
        Info: Total cell delay = 2.081 ns ( 54.49 % )
        Info: Total interconnect delay = 1.738 ns ( 45.51 % )
    Info: + Micro hold delay of destination is 0.221 ns
    Info: - Shortest pin to register delay is 5.614 ns
        Info: 1: + IC(0.000 ns) + CELL(1.132 ns) = 1.132 ns; Loc. = PIN_11; Fanout = 1; PIN Node = 'sw_in'
        Info: 2: + IC(3.421 ns) + CELL(1.061 ns) = 5.614 ns; Loc. = LC_X13_Y8_N3; Fanout = 2; REG Node = 'q1'
        Info: Total cell delay = 2.193 ns ( 39.06 % )
        Info: Total interconnect delay = 3.421 ns ( 60.94 % )
Info: Quartus II Classic Timing Analyzer was successful. 0 errors, 1 warning
    Info: Peak virtual memory: 184 megabytes
    Info: Processing ended: Thu Jan 04 11:02:36 2024
    Info: Elapsed time: 00:00:01
    Info: Total CPU time (on all processors): 00:00:00


